Archive member included to satisfy reference by file (symbol)

C:/ProgramData/MATLAB/SupportPackages/R2020a/toolbox/target/supportpackages/freedomk64f/bin/libcodertarget_RTIOStreamAppSvc.lib(RTIOStreamTgtAppSvcCIntrf.o)
                              k64f_rtiostream_commservice.o (sendToCommSvc)
C:/ProgramData/MATLAB/SupportPackages/R2020a/toolbox/target/supportpackages/freedomk64f/bin/libcodertarget_RTIOStreamAppSvc.lib(RTIOStreamTgtAppSvc.o)
                              C:/ProgramData/MATLAB/SupportPackages/R2020a/toolbox/target/supportpackages/freedomk64f/bin/libcodertarget_RTIOStreamAppSvc.lib(RTIOStreamTgtAppSvcCIntrf.o) (RTIOStreamTgtAppSvc::get_instance())
C:/ProgramData/MATLAB/SupportPackages/R2020a/toolbox/target/supportpackages/freedomk64f/bin/bm/libcodertarget_TargetServices.lib(CommService.o)
                              C:/ProgramData/MATLAB/SupportPackages/R2020a/toolbox/target/supportpackages/freedomk64f/bin/libcodertarget_RTIOStreamAppSvc.lib(RTIOStreamTgtAppSvc.o) (coder::tgtsvc::CommService::sendMessage(coder::tgtsvc::Message*, coder::tgtsvc::Message::Priority))
C:/ProgramData/MATLAB/SupportPackages/R2020a/toolbox/target/supportpackages/freedomk64f/bin/bm/libcodertarget_TargetServices.lib(Application.o)
                              C:/ProgramData/MATLAB/SupportPackages/R2020a/toolbox/target/supportpackages/freedomk64f/bin/bm/libcodertarget_TargetServices.lib(CommService.o) (coder::tgtsvc::Application::dispatch(coder::tgtsvc::Message*))
C:/ProgramData/MATLAB/SupportPackages/R2020a/toolbox/target/supportpackages/freedomk64f/bin/bm/libcodertarget_TargetServices.lib(Message.o)
                              C:/ProgramData/MATLAB/SupportPackages/R2020a/toolbox/target/supportpackages/freedomk64f/bin/bm/libcodertarget_TargetServices.lib(CommService.o) (coder::tgtsvc::Message::operator new(unsigned int))
C:/ProgramData/MATLAB/SupportPackages/R2020a/toolbox/target/supportpackages/freedomk64f/bin/bm/libcodertarget_TargetServices.lib(critical_section.o)
                              C:/ProgramData/MATLAB/SupportPackages/R2020a/toolbox/target/supportpackages/freedomk64f/bin/bm/libcodertarget_TargetServices.lib(CommService.o) (enter_critical_section)
C:/ProgramData/MATLAB/SupportPackages/R2020a/toolbox/target/supportpackages/freedomk64f/bin/bm/libcodertarget_TargetServices.lib(MemoryService.o)
                              C:/ProgramData/MATLAB/SupportPackages/R2020a/toolbox/target/supportpackages/freedomk64f/bin/bm/libcodertarget_TargetServices.lib(Message.o) (coder::tgtsvc::MemoryService::instance())
C:/ProgramData/MATLAB/SupportPackages/R2020a/3P.instrset/cmsis.instrset/CMSIS/RTOS/RTX/LIB/GCC/libRTX_CM4.a(rt_cmsis.o)
                              RTX_Conf_CM.o (osKernelInitialize)
C:/ProgramData/MATLAB/SupportPackages/R2020a/3P.instrset/cmsis.instrset/CMSIS/RTOS/RTX/LIB/GCC/libRTX_CM4.a(hal_cm.o)
                              C:/ProgramData/MATLAB/SupportPackages/R2020a/3P.instrset/cmsis.instrset/CMSIS/RTOS/RTX/LIB/GCC/libRTX_CM4.a(rt_cmsis.o) (rt_ret_val)
C:/ProgramData/MATLAB/SupportPackages/R2020a/3P.instrset/cmsis.instrset/CMSIS/RTOS/RTX/LIB/GCC/libRTX_CM4.a(rt_memory.o)
                              C:/ProgramData/MATLAB/SupportPackages/R2020a/3P.instrset/cmsis.instrset/CMSIS/RTOS/RTX/LIB/GCC/libRTX_CM4.a(rt_cmsis.o) (rt_init_mem)
C:/ProgramData/MATLAB/SupportPackages/R2020a/3P.instrset/cmsis.instrset/CMSIS/RTOS/RTX/LIB/GCC/libRTX_CM4.a(rt_membox.o)
                              C:/ProgramData/MATLAB/SupportPackages/R2020a/3P.instrset/cmsis.instrset/CMSIS/RTOS/RTX/LIB/GCC/libRTX_CM4.a(rt_cmsis.o) (_init_box)
C:/ProgramData/MATLAB/SupportPackages/R2020a/3P.instrset/cmsis.instrset/CMSIS/RTOS/RTX/LIB/GCC/libRTX_CM4.a(rt_mutex.o)
                              C:/ProgramData/MATLAB/SupportPackages/R2020a/3P.instrset/cmsis.instrset/CMSIS/RTOS/RTX/LIB/GCC/libRTX_CM4.a(rt_cmsis.o) (rt_mut_init)
C:/ProgramData/MATLAB/SupportPackages/R2020a/3P.instrset/cmsis.instrset/CMSIS/RTOS/RTX/LIB/GCC/libRTX_CM4.a(rt_time.o)
                              C:/ProgramData/MATLAB/SupportPackages/R2020a/3P.instrset/cmsis.instrset/CMSIS/RTOS/RTX/LIB/GCC/libRTX_CM4.a(rt_cmsis.o) (os_time)
C:/ProgramData/MATLAB/SupportPackages/R2020a/3P.instrset/cmsis.instrset/CMSIS/RTOS/RTX/LIB/GCC/libRTX_CM4.a(rt_semaphore.o)
                              C:/ProgramData/MATLAB/SupportPackages/R2020a/3P.instrset/cmsis.instrset/CMSIS/RTOS/RTX/LIB/GCC/libRTX_CM4.a(rt_cmsis.o) (rt_sem_init)
C:/ProgramData/MATLAB/SupportPackages/R2020a/3P.instrset/cmsis.instrset/CMSIS/RTOS/RTX/LIB/GCC/libRTX_CM4.a(rt_mailbox.o)
                              C:/ProgramData/MATLAB/SupportPackages/R2020a/3P.instrset/cmsis.instrset/CMSIS/RTOS/RTX/LIB/GCC/libRTX_CM4.a(rt_cmsis.o) (rt_mbx_init)
C:/ProgramData/MATLAB/SupportPackages/R2020a/3P.instrset/cmsis.instrset/CMSIS/RTOS/RTX/LIB/GCC/libRTX_CM4.a(rt_list.o)
[...]
Memory Configuration

Name             Origin             Length             Attributes
m_interrupts     0x00000000         0x00000400         xr
m_flash_config   0x00000400         0x00000010         xr
m_text           0x00000410         0x000ffbf0         xr
m_data_2         0x1fff0000         0x00010000         rw
m_data           0x20000000         0x00030000         rw
*default*        0x00000000         0xffffffff

Linker script and memory map

LOAD c:/progra~3/matlab/suppor~1/r2020a/3p778c~1.ins/gnuarm~1.ins/win/bin/../lib/gcc/arm-none-eabi/7.2.1/thumb/v7e-m/fpv4-sp/hard/crti.o
LOAD c:/progra~3/matlab/suppor~1/r2020a/3p778c~1.ins/gnuarm~1.ins/win/bin/../lib/gcc/arm-none-eabi/7.2.1/thumb/v7e-m/fpv4-sp/hard/crtbegin.o
LOAD c:/progra~3/matlab/suppor~1/r2020a/3p778c~1.ins/gnuarm~1.ins/win/bin/../lib/gcc/arm-none-eabi/7.2.1/../../../../arm-none-eabi/lib/thumb/v7e-m/fpv4-sp/hard/crt0.o
LOAD MW_I2C.o
LOAD MW_PWM.o
LOAD MW_digitalIO.o
LOAD RTX_Conf_CM.o
LOAD board.o
LOAD cmsis_rtos_init.o
LOAD ert_main.o
LOAD ext_work.o
LOAD fsl_edma_irq.o
LOAD fsl_misc_utilities.o
LOAD fsl_uart_irq.o
LOAD hardware_init.o
LOAD i2c_api.o
LOAD irq_stub.o
LOAD k64f_ext_svr.o
LOAD k64f_rtiostream_commservice.o
LOAD k64f_rtiostream_interface.o
LOAD k64f_rtiostream_utils.o
LOAD mw_sdk_interface.o
LOAD mw_semaphore.o
LOAD mw_signal.o
LOAD mw_thread.o
LOAD mw_timer.o
LOAD pin_mux.o
LOAD rtGetInf.o
LOAD rtGetNaN.o
LOAD rt_nonfinite.o
LOAD sbrk.o
LOAD startup.o
LOAD startup_MK64F12.o
LOAD system_MK64F12.o
LOAD tgtSvc_UARTInfo.o
LOAD untitled.o
LOAD untitled_data.o
LOAD untitled_tgtconn.o
LOAD updown.o
LOAD C:/ProgramData/MATLAB/SupportPackages/R2020a/toolbox/target/supportpackages/freedomk64f/bin/libcodertarget_RTIOStreamAppSvc.lib
LOAD C:/ProgramData/MATLAB/SupportPackages/R2020a/toolbox/target/supportpackages/freedomk64f/bin/bm/libcodertarget_TargetServices.lib
LOAD C:/ProgramData/MATLAB/SupportPackages/R2020a/3P.instrset/cmsis.instrset/CMSIS/Lib/GCC/libarm_cortexM4lf_math.a
LOAD C:/ProgramData/MATLAB/SupportPackages/R2020a/3P.instrset/cmsis.instrset/CMSIS/RTOS/RTX/LIB/GCC/libRTX_CM4.a
LOAD C:/ProgramData/MATLAB/SupportPackages/R2020a/toolbox/target/supportpackages/freedomk64f/src/ksdk_armgcc_lib/bm/libksdk_platform.a
LOAD c:/progra~3/matlab/suppor~1/r2020a/3p778c~1.ins/gnuarm~1.ins/win/bin/../lib/gcc/arm-none-eabi/7.2.1/../../../../arm-none-eabi/lib/thumb/v7e-m/fpv4-sp/hard\libstdc++.a
LOAD c:/progra~3/matlab/suppor~1/r2020a/3p778c~1.ins/gnuarm~1.ins/win/bin/../lib/gcc/arm-none-eabi/7.2.1/../../../../arm-none-eabi/lib/thumb/v7e-m/fpv4-sp/hard\libm.a
START GROUP
LOAD c:/progra~3/matlab/suppor~1/r2020a/3p778c~1.ins/gnuarm~1.ins/win/bin/../lib/gcc/arm-none-eabi/7.2.1/thumb/v7e-m/fpv4-sp/hard\libgcc.a
LOAD c:/progra~3/matlab/suppor~1/r2020a/3p778c~1.ins/gnuarm~1.ins/win/bin/../lib/gcc/arm-none-eabi/7.2.1/../../../../arm-none-eabi/lib/thumb/v7e-m/fpv4-sp/hard\libg.a
LOAD c:/progra~3/matlab/suppor~1/r2020a/3p778c~1.ins/gnuarm~1.ins/win/bin/../lib/gcc/arm-none-eabi/7.2.1/../../../../arm-none-eabi/lib/thumb/v7e-m/fpv4-sp/hard\libc.a
END GROUP
START GROUP
LOAD c:/progra~3/matlab/suppor~1/r2020a/3p778c~1.ins/gnuarm~1.ins/win/bin/../lib/gcc/arm-none-eabi/7.2.1/thumb/v7e-m/fpv4-sp/hard\libgcc.a
LOAD c:/progra~3/matlab/suppor~1/r2020a/3p778c~1.ins/gnuarm~1.ins/win/bin/../lib/gcc/arm-none-eabi/7.2.1/../../../../arm-none-eabi/lib/thumb/v7e-m/fpv4-sp/hard\libc.a
LOAD c:/progra~3/matlab/suppor~1/r2020a/3p778c~1.ins/gnuarm~1.ins/win/bin/../lib/gcc/arm-none-eabi/7.2.1/../../../../arm-none-eabi/lib/thumb/v7e-m/fpv4-sp/hard\libnosys.a
END GROUP
LOAD c:/progra~3/matlab/suppor~1/r2020a/3p778c~1.ins/gnuarm~1.ins/win/bin/../lib/gcc/arm-none-eabi/7.2.1/thumb/v7e-m/fpv4-sp/hard/crtend.o
LOAD c:/progra~3/matlab/suppor~1/r2020a/3p778c~1.ins/gnuarm~1.ins/win/bin/../lib/gcc/arm-none-eabi/7.2.1/thumb/v7e-m/fpv4-sp/hard/crtn.o
                0x00000400                HEAP_SIZE = DEFINED (__heap_size__)?__heap_size__:0x400
                0x00000400                STACK_SIZE = DEFINED (__stack_size__)?__stack_size__:0x400
                0x00000000                M_VECTOR_RAM_SIZE = DEFINED (__ram_vector_table__)?0x400:0x0

.interrupts     0x00000000      0x400
                0x00000000                __VECTOR_TABLE = .
                0x00000000                . = ALIGN (0x4)
 *(.isr_vector)
 .isr_vector    0x00000000      0x400 startup_MK64F12.o
                0x00000000                __isr_vector
                0x00000400                . = ALIGN (0x4)

.flash_config   0x00000400       0x10
                0x00000400                . = ALIGN (0x4)
 *(.FlashConfig)
 .FlashConfig   0x00000400       0x10 startup_MK64F12.o
                0x00000410                . = ALIGN (0x4)

.text           0x00000440    0x20af8
                0x00000440                . = ALIGN (0x4)
 *(.text)
 .text          0x00000440       0x40 c:/progra~3/matlab/suppor~1/r2020a/3p778c~1.ins/gnuarm~1.ins/win/bin/../lib/gcc/arm-none-eabi/7.2.1/thumb/v7e-m/fpv4-sp/hard/crtbegin.o
 .text          0x00000480       0x74 c:/progra~3/matlab/suppor~1/r2020a/3p778c~1.ins/gnuarm~1.ins/win/bin/../lib/gcc/arm-none-eabi/7.2.1/../../../../arm-none-eabi/lib/thumb/v7e-m/fpv4-sp/hard/crt0.o
                0x00000480                _start
                0x00000480                _mainCRTStartup
 .text          0x000004f4       0x14 startup_MK64F12.o
                0x000004f4                Reset_Handler
                0x00000504                ENET_Receive_IRQHandler
                0x00000504                ENET_1588_Timer_IRQHandler
                0x00000504                DefaultISR
                0x00000504                PIT2_IRQHandler
                0x00000504                PIT0_IRQHandler
                0x00000504                ENET_Error_IRQHandler
                0x00000504                PIT3_IRQHandler
                0x00000504                SDHC_IRQHandler
                0x00000504                ENET_Transmit_IRQHandler
                0x00000504                PIT1_IRQHandler
 .text          0x00000508      0x198 C:/ProgramData/MATLAB/SupportPackages/R2020a/3P.instrset/cmsis.instrset/CMSIS/RTOS/RTX/LIB/GCC/libRTX_CM4.a(hal_cm4.o)
                0x00000508                rt_set_PSP
                0x0000050e                rt_get_PSP
                0x00000514                os_set_env
                0x0000052c                _alloc_box
                0x00000548                _free_box
                0x00000564                SVC_Handler
                0x0000060a                PendSV_Handler
                0x00000610                Sys_Switch
                0x0000066a                SysTick_Handler
                0x00000674                OS_Tick_Handler
 .text          0x000006a0     0x6adc c:/progra~3/matlab/suppor~1/r2020a/3p778c~1.ins/gnuarm~1.ins/win/bin/../lib/gcc/arm-none-eabi/7.2.1/../../../../arm-none-eabi/lib/thumb/v7e-m/fpv4-sp/hard\libstdc++.a(cp-demangle.o)
                0x00007090                __cxa_demangle
                0x00007158                __gcclibcxx_demangle_callback
 .text          0x0000717c      0x378 c:/progra~3/matlab/suppor~1/r2020a/3p778c~1.ins/gnuarm~1.ins/win/bin/../lib/gcc/arm-none-eabi/7.2.1/thumb/v7e-m/fpv4-sp/hard\libgcc.a(_arm_addsubdf3.o)
                0x0000717c                __aeabi_drsub
                0x00007184                __aeabi_dsub
                0x00007184                __subdf3
                0x00007188                __aeabi_dadd
                0x00007188                __adddf3
                0x00007400                __floatunsidf
                0x00007400                __aeabi_ui2d
                0x00007420                __floatsidf
                0x00007420                __aeabi_i2d
                0x00007444                __aeabi_f2d
                0x00007444                __extendsfdf2
                0x00007488                __floatundidf
                0x00007488                __aeabi_ul2d
                0x00007498                __floatdidf
                0x00007498                __aeabi_l2d
 .text          0x000074f4      0x424 c:/progra~3/matlab/suppor~1/r2020a/3p778c~1.ins/gnuarm~1.ins/win/bin/../lib/gcc/arm-none-eabi/7.2.1/thumb/v7e-m/fpv4-sp/hard\libgcc.a(_arm_muldivdf3.o)
                0x000074f4                __aeabi_dmul
                0x000074f4                __muldf3
                0x00007748                __divdf3
                0x00007748                __aeabi_ddiv
 .text          0x00007918      0x110 c:/progra~3/matlab/suppor~1/r2020a/3p778c~1.ins/gnuarm~1.ins/win/bin/../lib/gcc/arm-none-eabi/7.2.1/thumb/v7e-m/fpv4-sp/hard\libgcc.a(_arm_cmpdf2.o)
                0x00007918                __gtdf2
                0x00007918                __gedf2
                0x00007920                __ltdf2
                0x00007920                __ledf2
                0x00007928                __nedf2
                0x00007928                __eqdf2
                0x00007928                __cmpdf2
                0x000079a4                __aeabi_cdrcmple
                0x000079b4                __aeabi_cdcmpeq
                0x000079b4                __aeabi_cdcmple
                0x000079c4                __aeabi_dcmpeq
                0x000079d8                __aeabi_dcmplt
                0x000079ec                __aeabi_dcmple
                0x00007a00                __aeabi_dcmpge
                0x00007a14                __aeabi_dcmpgt
 .text          0x00007a28       0x2c c:/progra~3/matlab/suppor~1/r2020a/3p778c~1.ins/gnuarm~1.ins/win/bin/../lib/gcc/arm-none-eabi/7.2.1/thumb/v7e-m/fpv4-sp/hard\libgcc.a(_arm_unorddf2.o)
                0x00007a28                __unorddf2
                0x00007a28                __aeabi_dcmpun
 .text          0x00007a54       0x40 c:/progra~3/matlab/suppor~1/r2020a/3p778c~1.ins/gnuarm~1.ins/win/bin/../lib/gcc/arm-none-eabi/7.2.1/thumb/v7e-m/fpv4-sp/hard\libgcc.a(_arm_fixunsdfsi.o)
                0x00007a54                __aeabi_d2uiz
                0x00007a54                __fixunsdfsi
 .text          0x00007a94       0xa0 c:/progra~3/matlab/suppor~1/r2020a/3p778c~1.ins/gnuarm~1.ins/win/bin/../lib/gcc/arm-none-eabi/7.2.1/thumb/v7e-m/fpv4-sp/hard\libgcc.a(_arm_truncdfsf2.o)
                0x00007a94                __truncdfsf2
                0x00007a94                __aeabi_d2f
 .text          0x00007b34       0x30 c:/progra~3/matlab/suppor~1/r2020a/3p778c~1.ins/gnuarm~1.ins/win/bin/../lib/gcc/arm-none-eabi/7.2.1/thumb/v7e-m/fpv4-sp/hard\libgcc.a(_aeabi_uldivmod.o)
                0x00007b34                __aeabi_uldivmod
 .text          0x00007b64      0x2cc c:/progra~3/matlab/suppor~1/r2020a/3p778c~1.ins/gnuarm~1.ins/win/bin/../lib/gcc/arm-none-eabi/7.2.1/thumb/v7e-m/fpv4-sp/hard\libgcc.a(_udivmoddi4.o)
                0x00007b64                __udivmoddi4
 .text          0x00007e30      0x9ec c:/progra~3/matlab/suppor~1/r2020a/3p778c~1.ins/gnuarm~1.ins/win/bin/../lib/gcc/arm-none-eabi/7.2.1/thumb/v7e-m/fpv4-sp/hard\libgcc.a(unwind-arm.o)
                0x000080e4                _Unwind_GetCFA
                0x000080e8                __gnu_Unwind_RaiseException
                0x00008148                __gnu_Unwind_ForcedUnwind
                0x0000815c                __gnu_Unwind_Resume
                0x000081a0                __gnu_Unwind_Resume_or_Rethrow
                0x000081b0                _Unwind_Complete
                0x000081b4                _Unwind_DeleteException
                0x000081c0                _Unwind_VRS_Get
                0x00008204                _Unwind_VRS_Set
                0x0000824c                __gnu_Unwind_Backtrace
                0x00008590                __aeabi_unwind_cpp_pr0
                0x00008594                __aeabi_unwind_cpp_pr1
                0x00008598                __aeabi_unwind_cpp_pr2
                0x0000859c                _Unwind_VRS_Pop
 .text          0x0000881c      0x1ac c:/progra~3/matlab/suppor~1/r2020a/3p778c~1.ins/gnuarm~1.ins/win/bin/../lib/gcc/arm-none-eabi/7.2.1/thumb/v7e-m/fpv4-sp/hard\libgcc.a(libunwind.o)
                0x0000881c                __restore_core_regs
                0x0000881c                restore_core_regs
                0x00008834                __gnu_Unwind_Restore_VFP
                0x0000883c                __gnu_Unwind_Save_VFP
                0x00008844                __gnu_Unwind_Restore_VFP_D
                0x0000884c                __gnu_Unwind_Save_VFP_D
                0x00008854                __gnu_Unwind_Restore_VFP_D_16_to_31
                0x0000885c                __gnu_Unwind_Save_VFP_D_16_to_31
                0x00008864                __gnu_Unwind_Restore_WMMXD
                0x000088a8                __gnu_Unwind_Save_WMMXD
                0x000088ec                __gnu_Unwind_Restore_WMMXC
                0x00008900                __gnu_Unwind_Save_WMMXC
                0x00008914                ___Unwind_RaiseException
                0x00008914                _Unwind_RaiseException
                0x00008938                _Unwind_Resume
                0x00008938                ___Unwind_Resume
                0x0000895c                _Unwind_Resume_or_Rethrow
                0x0000895c                ___Unwind_Resume_or_Rethrow
                0x00008980                _Unwind_ForcedUnwind
                0x00008980                ___Unwind_ForcedUnwind
                0x000089a4                ___Unwind_Backtrace
                0x000089a4                _Unwind_Backtrace
 .text          0x000089c8      0x374 c:/progra~3/matlab/suppor~1/r2020a/3p778c~1.ins/gnuarm~1.ins/win/bin/../lib/gcc/arm-none-eabi/7.2.1/thumb/v7e-m/fpv4-sp/hard\libgcc.a(pr-support.o)
                0x00008a20                __gnu_unwind_execute
                0x00008ce4                __gnu_unwind_frame
                0x00008d0c                _Unwind_GetRegionStart
                0x00008d18                _Unwind_GetLanguageSpecificData
                0x00008d2c                _Unwind_GetDataRelBase
                0x00008d34                _Unwind_GetTextRelBase
 .text          0x00008d3c        0x4 c:/progra~3/matlab/suppor~1/r2020a/3p778c~1.ins/gnuarm~1.ins/win/bin/../lib/gcc/arm-none-eabi/7.2.1/thumb/v7e-m/fpv4-sp/hard\libgcc.a(_dvmd_tls.o)
                0x00008d3c                __aeabi_idiv0
                0x00008d3c                __aeabi_ldiv0
 .text          0x00008d40       0xa0 c:/progra~3/matlab/suppor~1/r2020a/3p778c~1.ins/gnuarm~1.ins/win/bin/../lib/gcc/arm-none-eabi/7.2.1/../../../../arm-none-eabi/lib/thumb/v7e-m/fpv4-sp/hard\libg.a(lib_a-memchr.o)
                0x00008d40                memchr
 .text          0x00008de0      0x134 c:/progra~3/matlab/suppor~1/r2020a/3p778c~1.ins/gnuarm~1.ins/win/bin/../lib/gcc/arm-none-eabi/7.2.1/../../../../arm-none-eabi/lib/thumb/v7e-m/fpv4-sp/hard\libg.a(lib_a-memcpy.o)
                0x00008de0                memcpy
 *fill*         0x00008f14        0xc 
 .text          0x00008f20      0x2dc c:/progra~3/matlab/suppor~1/r2020a/3p778c~1.ins/gnuarm~1.ins/win/bin/../lib/gcc/arm-none-eabi/7.2.1/../../../../arm-none-eabi/lib/thumb/v7e-m/fpv4-sp/hard\libg.a(lib_a-strcmp.o)
                0x00008f28                strcmp
 *fill*         0x000091fc        0x4 
 .text          0x00009200       0xdc c:/progra~3/matlab/suppor~1/r2020a/3p778c~1.ins/gnuarm~1.ins/win/bin/../lib/gcc/arm-none-eabi/7.2.1/../../../../arm-none-eabi/lib/thumb/v7e-m/fpv4-sp/hard\libg.a(lib_a-strlen.o)
                0x00009200                strlen
 .text          0x000092dc       0x50 c:/progra~3/matlab/suppor~1/r2020a/3p778c~1.ins/gnuarm~1.ins/win/bin/../lib/gcc/arm-none-eabi/7.2.1/thumb/v7e-m/fpv4-sp/hard\libgcc.a(_arm_fixdfsi.o)
                0x000092dc                __aeabi_d2iz
                0x000092dc                __fixdfsi
 *(.text*)
 .text.MW_I2C_Open
                0x0000932c       0x48 MW_I2C.o
                0x0000932c                MW_I2C_Open
 .text.MW_I2C_SetBusSpeed
                0x00009374       0x2e MW_I2C.o
                0x00009374                MW_I2C_SetBusSpeed
 .text.MW_I2C_MasterRead
                0x000093a2       0x68 MW_I2C.o
                0x000093a2                MW_I2C_MasterRead
 .text.MW_I2C_MasterWrite
                0x0000940a       0x68 MW_I2C.o
                0x0000940a                MW_I2C_MasterWrite
 .text.MW_I2C_Close
                0x00009472       0x14 MW_I2C.o
                0x00009472                MW_I2C_Close
 *fill*         0x00009486        0x2 
 .text.PORT_HAL_SetMuxMode
                0x00009488       0x58 MW_PWM.o
 .text.FTM_HAL_SetClockSource
                0x000094e0       0x2e MW_PWM.o
 *fill*         0x0000950e        0x2 
 .text.MW_PWM_Open
                0x00009510      0x164 MW_PWM.o
                0x00009510                MW_PWM_Open
 .text.MW_PWM_Start
                0x00009674       0x14 MW_PWM.o
                0x00009674                MW_PWM_Start
 .text.MW_PWM_SetDutyCycle
                0x00009688       0x7c MW_PWM.o
                0x00009688                MW_PWM_SetDutyCycle
 .text.MW_PWM_Stop
                0x00009704       0x2c MW_PWM.o
                0x00009704                MW_PWM_Stop
 .text.MW_PWM_Close
                0x00009730       0x14 MW_PWM.o
                0x00009730                MW_PWM_Close
 .text.MW_digitalIO_open
                0x00009744       0xe0 MW_digitalIO.o
                0x00009744                MW_digitalIO_open
 .text.MW_digitalIO_read
                0x00009824       0x70 MW_digitalIO.o
                0x00009824                MW_digitalIO_read
 .text.MW_digitalIO_write
                0x00009894       0x7e MW_digitalIO.o
                0x00009894                MW_digitalIO_write
 .text.MW_digitalIO_close
                0x00009912       0x3c MW_digitalIO.o
                0x00009912                MW_digitalIO_close
 .text.os_idle_demon
                0x0000994e        0x6 RTX_Conf_CM.o
                0x0000994e                os_idle_demon
 .text.os_error
                0x00009954       0x2c RTX_Conf_CM.o
                0x00009954                os_error
 .text.rt_init_robin
                0x00009980        0x2 RTX_Conf_CM.o
                0x00009980                rt_init_robin
 .text.rt_chk_robin
                0x00009982        0x2 RTX_Conf_CM.o
                0x00009982                rt_chk_robin
 .text.software_init_hook
                0x00009984       0x34 RTX_Conf_CM.o
                0x00009984                software_init_hook
 .text.PORT_HAL_SetMuxMode
                0x000099b8       0x58 board.o
 .text.SMC_HAL_SetProtection
                0x00009a10       0x1e board.o
 *fill*         0x00009a2e        0x2 
 .text.BOARD_InitOsc0
                0x00009a30       0x30 board.o
                0x00009a30                BOARD_InitOsc0
 .text.BOARD_InitRtcOsc
                0x00009a60       0x28 board.o
                0x00009a60                BOARD_InitRtcOsc
 .text.BOARD_ClockInit
                0x00009a88       0x34 board.o
                0x00009a88                BOARD_ClockInit
 .text.schedulerTask
                0x00009abc       0x1c cmsis_rtos_init.o
                0x00009abc                schedulerTask
 .text.mw_initSignalEvents
                0x00009ad8       0x40 cmsis_rtos_init.o
                0x00009ad8                mw_initSignalEvents
 .text.mw_RTOSInit
                0x00009b18       0xa8 cmsis_rtos_init.o
                0x00009b18                mw_RTOSInit
 .text.baseRateTask
                0x00009bc0       0xec ert_main.o
                0x00009bc0                baseRateTask
 .text.terminateTask
                0x00009cac       0x58 ert_main.o
                0x00009cac                terminateTask
 .text.backgroundTask
                0x00009d04       0x50 ert_main.o
                0x00009d04                backgroundTask
 .text.main     0x00009d54       0xac ert_main.o
                0x00009d54                main
 .text.rtExtModePauseIfNeeded
                0x00009e00       0x5c ext_work.o
                0x00009e00                rtExtModePauseIfNeeded
 .text.rtExtModeWaitForStartPkt
                0x00009e5c       0x64 ext_work.o
                0x00009e5c                rtExtModeWaitForStartPkt
 .text.rtExtModeOneStep
                0x00009ec0       0x34 ext_work.o
                0x00009ec0                rtExtModeOneStep
 .text.rtExtModeUpload
                0x00009ef4       0x1e ext_work.o
                0x00009ef4                rtExtModeUpload
 .text.rtExtModeCheckEndTrigger
                0x00009f12        0xc ext_work.o
                0x00009f12                rtExtModeCheckEndTrigger
 .text.rtExtModeUploadCheckTrigger
                0x00009f1e       0x16 ext_work.o
                0x00009f1e                rtExtModeUploadCheckTrigger
 .text.rtExtModeCheckInit
                0x00009f34       0x14 ext_work.o
                0x00009f34                rtExtModeCheckInit
 .text.rtExtModeShutdown
                0x00009f48       0x16 ext_work.o
                0x00009f48                rtExtModeShutdown
 .text.rtExtModeParseArgs
                0x00009f5e       0x1c ext_work.o
                0x00009f5e                rtExtModeParseArgs
 *fill*         0x00009f7a        0x2 
 .text.rtERTExtModeSetTFinal
                0x00009f7c       0x58 ext_work.o
                0x00009f7c                rtERTExtModeSetTFinal
 .text.rtSetTFinalForExtMode
                0x00009fd4       0x16 ext_work.o
                0x00009fd4                rtSetTFinalForExtMode
 .text.rtERTExtModeStartMsg
                0x00009fea        0xe ext_work.o
                0x00009fea                rtERTExtModeStartMsg
 .text.DMA0_IRQHandler
                0x00009ff8        0xe fsl_edma_irq.o
                0x00009ff8                DMA0_IRQHandler
 .text.DMA1_IRQHandler
                0x0000a006        0xe fsl_edma_irq.o
                0x0000a006                DMA1_IRQHandler
 .text.DMA2_IRQHandler
                0x0000a014        0xe fsl_edma_irq.o
                0x0000a014                DMA2_IRQHandler
 .text.DMA3_IRQHandler
                0x0000a022        0xe fsl_edma_irq.o
                0x0000a022                DMA3_IRQHandler
 .text.DMA4_IRQHandler
                0x0000a030        0xe fsl_edma_irq.o
                0x0000a030                DMA4_IRQHandler
 .text.DMA5_IRQHandler
                0x0000a03e        0xe fsl_edma_irq.o
                0x0000a03e                DMA5_IRQHandler
 .text.DMA6_IRQHandler
                0x0000a04c        0xe fsl_edma_irq.o
                0x0000a04c                DMA6_IRQHandler
 .text.DMA7_IRQHandler
                0x0000a05a        0xe fsl_edma_irq.o
                0x0000a05a                DMA7_IRQHandler
 .text.DMA8_IRQHandler
                0x0000a068        0xe fsl_edma_irq.o
                0x0000a068                DMA8_IRQHandler
 .text.DMA9_IRQHandler
                0x0000a076        0xe fsl_edma_irq.o
                0x0000a076                DMA9_IRQHandler
 .text.DMA10_IRQHandler
                0x0000a084        0xe fsl_edma_irq.o
                0x0000a084                DMA10_IRQHandler
 .text.DMA11_IRQHandler
                0x0000a092        0xe fsl_edma_irq.o
                0x0000a092                DMA11_IRQHandler
 .text.DMA12_IRQHandler
                0x0000a0a0        0xe fsl_edma_irq.o
                0x0000a0a0                DMA12_IRQHandler
 .text.DMA13_IRQHandler
                0x0000a0ae        0xe fsl_edma_irq.o
                0x0000a0ae                DMA13_IRQHandler
 .text.DMA14_IRQHandler
                0x0000a0bc        0xe fsl_edma_irq.o
                0x0000a0bc                DMA14_IRQHandler
 .text.DMA15_IRQHandler
                0x0000a0ca        0xe fsl_edma_irq.o
                0x0000a0ca                DMA15_IRQHandler
 .text.DMA_Error_IRQHandler
                0x0000a0d8        0xe fsl_edma_irq.o
                0x0000a0d8                DMA_Error_IRQHandler
 .text.UART0_RX_TX_IRQHandler
                0x0000a0e6        0xe fsl_uart_irq.o
                0x0000a0e6                UART0_RX_TX_IRQHandler
 .text.UART1_RX_TX_IRQHandler
                0x0000a0f4        0xe fsl_uart_irq.o
                0x0000a0f4                UART1_RX_TX_IRQHandler
 .text.UART2_RX_TX_IRQHandler
                0x0000a102        0xe fsl_uart_irq.o
                0x0000a102                UART2_RX_TX_IRQHandler
 .text.UART3_RX_TX_IRQHandler
                0x0000a110        0xe fsl_uart_irq.o
                0x0000a110                UART3_RX_TX_IRQHandler
 .text.UART4_RX_TX_IRQHandler
                0x0000a11e        0xe fsl_uart_irq.o
                0x0000a11e                UART4_RX_TX_IRQHandler
 .text.UART5_RX_TX_IRQHandler
                0x0000a12c        0xe fsl_uart_irq.o
                0x0000a12c                UART5_RX_TX_IRQHandler
 .text.hardware_init
                0x0000a13a       0x3c hardware_init.o
                0x0000a13a                hardware_init
 .text.CLOCK_SYS_GetI2cFreq
                0x0000a176       0x16 i2c_api.o
 .text.I2C_HAL_Enable
                0x0000a18c       0x24 i2c_api.o
 .text.I2C_HAL_SendAck
                0x0000a1b0       0x24 i2c_api.o
 .text.I2C_HAL_SendNak
                0x0000a1d4       0x24 i2c_api.o
 .text.I2C_HAL_SetDirMode
                0x0000a1f8       0x2a i2c_api.o
 .text.I2C_HAL_ReadByte
                0x0000a222       0x1a i2c_api.o
 .text.I2C_HAL_WriteByte
                0x0000a23c       0x1e i2c_api.o
 .text.I2C_HAL_GetStatusFlag
                0x0000a25a       0x34 i2c_api.o
 .text.I2C_HAL_IsMaster
                0x0000a28e       0x2e i2c_api.o
 .text.I2C_HAL_SetIntCmd
                0x0000a2bc       0x28 i2c_api.o
 .text.I2C_HAL_ClearInt
                0x0000a2e4       0x1a i2c_api.o
 *fill*         0x0000a2fe        0x2 
 .text.PORT_HAL_SetOpenDrainCmd
                0x0000a300       0x4c i2c_api.o
 .text.PORT_HAL_SetMuxMode
                0x0000a34c       0x58 i2c_api.o
 .text.i2c_init
                0x0000a3a4       0x54 i2c_api.o
                0x0000a3a4                i2c_init
 .text.i2c_start
                0x0000a3f8       0x28 i2c_api.o
                0x0000a3f8                i2c_start
 .text.i2c_stop
                0x0000a420       0x4c i2c_api.o
                0x0000a420                i2c_stop
 .text.timeout_status_poll
                0x0000a46c       0x58 i2c_api.o
 .text.i2c_wait_end_tx_transfer
                0x0000a4c4       0x54 i2c_api.o
 .text.i2c_wait_end_rx_transfer
                0x0000a518       0x3c i2c_api.o
 .text.i2c_do_write
                0x0000a554       0x38 i2c_api.o
 .text.i2c_do_read
                0x0000a58c       0x50 i2c_api.o
 .text.i2c_frequency
                0x0000a5dc       0x50 i2c_api.o
                0x0000a5dc                i2c_frequency
 .text.i2c_read
                0x0000a62c       0xe0 i2c_api.o
                0x0000a62c                i2c_read
 .text.i2c_write
                0x0000a70c       0x90 i2c_api.o
                0x0000a70c                i2c_write
 .text.configure_i2c_pins
                0x0000a79c       0x78 i2c_api.o
                0x0000a79c                configure_i2c_pins
 .text.NMI_Handler
                0x0000a814        0x6 irq_stub.o
                0x0000a814                NMI_Handler
 .text.HardFault_Handler
                0x0000a81a        0x6 irq_stub.o
                0x0000a81a                HardFault_Handler
 .text.MemManage_Handler
                0x0000a820        0x6 irq_stub.o
                0x0000a820                MemManage_Handler
 .text.BusFault_Handler
                0x0000a826        0x6 irq_stub.o
                0x0000a826                BusFault_Handler
 .text.UsageFault_Handler
                0x0000a82c        0x6 irq_stub.o
                0x0000a82c                UsageFault_Handler
 .text.DebugMon_Handler
                0x0000a832        0x6 irq_stub.o
                0x0000a832                DebugMon_Handler
 .text.MCM_IRQHandler
                0x0000a838        0x6 irq_stub.o
                0x0000a838                MCM_IRQHandler
 .text.FTFE_IRQHandler
                0x0000a83e        0x6 irq_stub.o
                0x0000a83e                FTFE_IRQHandler
 .text.Read_Collision_IRQHandler
                0x0000a844        0x6 irq_stub.o
                0x0000a844                Read_Collision_IRQHandler
 .text.LVD_LVW_IRQHandler
                0x0000a84a        0x6 irq_stub.o
                0x0000a84a                LVD_LVW_IRQHandler
 .text.LLWU_IRQHandler
                0x0000a850        0x6 irq_stub.o
                0x0000a850                LLWU_IRQHandler
 .text.WDOG_EWM_IRQHandler
                0x0000a856        0x6 irq_stub.o
                0x0000a856                WDOG_EWM_IRQHandler
 .text.RNG_IRQHandler
                0x0000a85c        0x6 irq_stub.o
                0x0000a85c                RNG_IRQHandler
 .text.I2C0_IRQHandler
                0x0000a862        0x6 irq_stub.o
                0x0000a862                I2C0_IRQHandler
 .text.I2C1_IRQHandler
                0x0000a868        0x6 irq_stub.o
                0x0000a868                I2C1_IRQHandler
 .text.SPI0_IRQHandler
                0x0000a86e        0x6 irq_stub.o
                0x0000a86e                SPI0_IRQHandler
 .text.SPI1_IRQHandler
                0x0000a874        0x6 irq_stub.o
                0x0000a874                SPI1_IRQHandler
 .text.I2S0_Tx_IRQHandler
                0x0000a87a        0x6 irq_stub.o
                0x0000a87a                I2S0_Tx_IRQHandler
 .text.I2S0_Rx_IRQHandler
                0x0000a880        0x6 irq_stub.o
                0x0000a880                I2S0_Rx_IRQHandler
 .text.UART0_LON_IRQHandler
                0x0000a886        0x6 irq_stub.o
                0x0000a886                UART0_LON_IRQHandler
 .text.UART0_ERR_IRQHandler
                0x0000a88c        0x6 irq_stub.o
                0x0000a88c                UART0_ERR_IRQHandler
 .text.UART1_ERR_IRQHandler
                0x0000a892        0x6 irq_stub.o
                0x0000a892                UART1_ERR_IRQHandler
 .text.UART2_ERR_IRQHandler
                0x0000a898        0x6 irq_stub.o
                0x0000a898                UART2_ERR_IRQHandler
 .text.UART3_ERR_IRQHandler
                0x0000a89e        0x6 irq_stub.o
                0x0000a89e                UART3_ERR_IRQHandler
 .text.ADC0_IRQHandler
                0x0000a8a4        0x6 irq_stub.o
                0x0000a8a4                ADC0_IRQHandler
 .text.CMP0_IRQHandler
                0x0000a8aa        0x6 irq_stub.o
                0x0000a8aa                CMP0_IRQHandler
 .text.CMP1_IRQHandler
                0x0000a8b0        0x6 irq_stub.o
                0x0000a8b0                CMP1_IRQHandler
 .text.FTM0_IRQHandler
                0x0000a8b6        0x6 irq_stub.o
                0x0000a8b6                FTM0_IRQHandler
 .text.FTM1_IRQHandler
                0x0000a8bc        0x6 irq_stub.o
                0x0000a8bc                FTM1_IRQHandler
 .text.FTM2_IRQHandler
                0x0000a8c2        0x6 irq_stub.o
                0x0000a8c2                FTM2_IRQHandler
 .text.CMT_IRQHandler
                0x0000a8c8        0x6 irq_stub.o
                0x0000a8c8                CMT_IRQHandler
 .text.RTC_IRQHandler
                0x0000a8ce        0x6 irq_stub.o
                0x0000a8ce                RTC_IRQHandler
 .text.RTC_Seconds_IRQHandler
                0x0000a8d4        0x6 irq_stub.o
                0x0000a8d4                RTC_Seconds_IRQHandler
 .text.PDB0_IRQHandler
                0x0000a8da        0x6 irq_stub.o
                0x0000a8da                PDB0_IRQHandler
 .text.USB0_IRQHandler
                0x0000a8e0        0x6 irq_stub.o
                0x0000a8e0                USB0_IRQHandler
 .text.USBDCD_IRQHandler
                0x0000a8e6        0x6 irq_stub.o
                0x0000a8e6                USBDCD_IRQHandler
 .text.Reserved71_IRQHandler
                0x0000a8ec        0x6 irq_stub.o
                0x0000a8ec                Reserved71_IRQHandler
 .text.DAC0_IRQHandler
                0x0000a8f2        0x6 irq_stub.o
                0x0000a8f2                DAC0_IRQHandler
 .text.MCG_IRQHandler
                0x0000a8f8        0x6 irq_stub.o
                0x0000a8f8                MCG_IRQHandler
 .text.LPTMR0_IRQHandler
                0x0000a8fe        0x6 irq_stub.o
                0x0000a8fe                LPTMR0_IRQHandler
 .text.PORTA_IRQHandler
                0x0000a904        0x6 irq_stub.o
                0x0000a904                PORTA_IRQHandler
 .text.PORTB_IRQHandler
                0x0000a90a        0x6 irq_stub.o
                0x0000a90a                PORTB_IRQHandler
 .text.PORTC_IRQHandler
                0x0000a910        0x6 irq_stub.o
                0x0000a910                PORTC_IRQHandler
 .text.PORTD_IRQHandler
                0x0000a916        0x6 irq_stub.o
                0x0000a916                PORTD_IRQHandler
 .text.PORTE_IRQHandler
                0x0000a91c        0x6 irq_stub.o
                0x0000a91c                PORTE_IRQHandler
 .text.SWI_IRQHandler
                0x0000a922        0x6 irq_stub.o
                0x0000a922                SWI_IRQHandler
 .text.SPI2_IRQHandler
                0x0000a928        0x6 irq_stub.o
                0x0000a928                SPI2_IRQHandler
 .text.UART4_ERR_IRQHandler
                0x0000a92e        0x6 irq_stub.o
                0x0000a92e                UART4_ERR_IRQHandler
 .text.UART5_ERR_IRQHandler
                0x0000a934        0x6 irq_stub.o
                0x0000a934                UART5_ERR_IRQHandler
 .text.CMP2_IRQHandler
                0x0000a93a        0x6 irq_stub.o
                0x0000a93a                CMP2_IRQHandler
 .text.FTM3_IRQHandler
                0x0000a940        0x6 irq_stub.o
                0x0000a940                FTM3_IRQHandler
 .text.DAC1_IRQHandler
                0x0000a946        0x6 irq_stub.o
                0x0000a946                DAC1_IRQHandler
 .text.ADC1_IRQHandler
                0x0000a94c        0x6 irq_stub.o
                0x0000a94c                ADC1_IRQHandler
 .text.I2C2_IRQHandler
                0x0000a952        0x6 irq_stub.o
                0x0000a952                I2C2_IRQHandler
 .text.CAN0_ORed_Message_buffer_IRQHandler
                0x0000a958        0x6 irq_stub.o
                0x0000a958                CAN0_ORed_Message_buffer_IRQHandler
 .text.CAN0_Bus_Off_IRQHandler
                0x0000a95e        0x6 irq_stub.o
                0x0000a95e                CAN0_Bus_Off_IRQHandler
 .text.CAN0_Error_IRQHandler
                0x0000a964        0x6 irq_stub.o
                0x0000a964                CAN0_Error_IRQHandler
 .text.CAN0_Tx_Warning_IRQHandler
                0x0000a96a        0x6 irq_stub.o
                0x0000a96a                CAN0_Tx_Warning_IRQHandler
 .text.CAN0_Rx_Warning_IRQHandler
                0x0000a970        0x6 irq_stub.o
                0x0000a970                CAN0_Rx_Warning_IRQHandler
 .text.CAN0_Wake_Up_IRQHandler
                0x0000a976        0x6 irq_stub.o
                0x0000a976                CAN0_Wake_Up_IRQHandler
 .text.GrowRecvBufIfNeeded
                0x0000a97c       0x5c k64f_ext_svr.o
 .text.GetPktHdr
                0x0000a9d8       0x80 k64f_ext_svr.o
 .text.ClearPkt
                0x0000aa58       0x60 k64f_ext_svr.o
 .text.GetPkt   0x0000aab8       0x8c k64f_ext_svr.o
 .text.DisconnectFromHost
                0x0000ab44       0x68 k64f_ext_svr.o
 .text.ForceDisconnectFromHost
                0x0000abac       0x4c k64f_ext_svr.o
 .text.ProcessConnectPkt
                0x0000abf8      0x178 k64f_ext_svr.o
 .text.SendPktHdrToHost
                0x0000ad70       0x50 k64f_ext_svr.o
 .text.SendPktDataToHost
                0x0000adc0       0x48 k64f_ext_svr.o
 .text.SendPktToHost
                0x0000ae08       0x4e k64f_ext_svr.o
                0x0000ae08                SendPktToHost
 .text.SendResponseStatus
                0x0000ae56       0x38 k64f_ext_svr.o
 .text.ProcessSetParamPkt
                0x0000ae8e       0x64 k64f_ext_svr.o
 .text.ProcessGetParamsPkt
                0x0000aef2      0x12a k64f_ext_svr.o
 .text.ProcessSelectTriggerSignalPkt
                0x0000b01c       0xa8 k64f_ext_svr.o
 .text.ProcessCancelLoggingArmTriggerPkt
                0x0000b0c4       0x7e k64f_ext_svr.o
 *fill*         0x0000b142        0x2 
 .text.ExtParseArgsAndInitUD
                0x0000b144       0x68 k64f_ext_svr.o
                0x0000b144                ExtParseArgsAndInitUD
 .text.ExtWaitForStartPkt
                0x0000b1ac       0x18 k64f_ext_svr.o
                0x0000b1ac                ExtWaitForStartPkt
 .text.UploadServerWork
                0x0000b1c4       0xcc k64f_ext_svr.o
                0x0000b1c4                UploadServerWork
 .text.rt_UploadServerWork
                0x0000b290       0x2a k64f_ext_svr.o
                0x0000b290                rt_UploadServerWork
 *fill*         0x0000b2ba        0x2 
 .text.rt_ExtModeInit
                0x0000b2bc       0x54 k64f_ext_svr.o
                0x0000b2bc                rt_ExtModeInit
 .text.rt_ExtModeSleep
                0x0000b310       0x24 k64f_ext_svr.o
                0x0000b310                rt_ExtModeSleep
 .text.rt_PktServerWork
                0x0000b334      0x264 k64f_ext_svr.o
                0x0000b334                rt_PktServerWork
 .text.ExtModeShutdown
                0x0000b598       0x44 k64f_ext_svr.o
 .text.rt_ExtModeShutdown
                0x0000b5dc       0x84 k64f_ext_svr.o
                0x0000b5dc                rt_ExtModeShutdown
 .text.rt_UploadCheckTrigger
                0x0000b660       0x2a k64f_ext_svr.o
                0x0000b660                rt_UploadCheckTrigger
 .text.rt_UploadCheckEndTrigger
                0x0000b68a       0x26 k64f_ext_svr.o
                0x0000b68a                rt_UploadCheckEndTrigger
 .text.rt_UploadBufAddTimePoint
                0x0000b6b0       0x32 k64f_ext_svr.o
                0x0000b6b0                rt_UploadBufAddTimePoint
 .text.initializeCommService
                0x0000b6e2        0xe k64f_rtiostream_commservice.o
                0x0000b6e2                initializeCommService
 .text.terminateCommService
                0x0000b6f0        0xc k64f_rtiostream_commservice.o
                0x0000b6f0                terminateCommService
 .text.rtIOStreamOpen
                0x0000b6fc       0x18 k64f_rtiostream_commservice.o
                0x0000b6fc                rtIOStreamOpen
 .text.rtIOStreamSend
                0x0000b714       0x32 k64f_rtiostream_commservice.o
                0x0000b714                rtIOStreamSend
 .text.rtIOStreamRecv
                0x0000b746       0x32 k64f_rtiostream_commservice.o
                0x0000b746                rtIOStreamRecv
 .text.rtIOStreamClose
                0x0000b778       0x16 k64f_rtiostream_commservice.o
                0x0000b778                rtIOStreamClose
 *fill*         0x0000b78e        0x2 
 .text.ExtProcessArgs
                0x0000b790       0xc8 k64f_rtiostream_interface.o
                0x0000b790                ExtProcessArgs
 .text.ExtUserDataCreate
                0x0000b858       0x14 k64f_rtiostream_interface.o
                0x0000b858                ExtUserDataCreate
 .text.ExtInit  0x0000b86c       0x1a k64f_rtiostream_interface.o
                0x0000b86c                ExtInit
 .text.ExtSetHostPkt
                0x0000b886       0x48 k64f_rtiostream_interface.o
                0x0000b886                ExtSetHostPkt
 .text.ExtGetHostPkt
                0x0000b8ce       0x46 k64f_rtiostream_interface.o
                0x0000b8ce                ExtGetHostPkt
 .text.ExtWaitForStartPktFromHost
                0x0000b914       0x18 k64f_rtiostream_interface.o
                0x0000b914                ExtWaitForStartPktFromHost
 .text.ExtUserDataDestroy
                0x0000b92c       0x14 k64f_rtiostream_interface.o
                0x0000b92c                ExtUserDataDestroy
 .text.ExtModeSleep
                0x0000b940       0x18 k64f_rtiostream_interface.o
                0x0000b940                ExtModeSleep
 .text.ExtOpenConnection
                0x0000b958       0x22 k64f_rtiostream_interface.o
                0x0000b958                ExtOpenConnection
 .text.ExtForceDisconnect
                0x0000b97a       0x14 k64f_rtiostream_interface.o
                0x0000b97a                ExtForceDisconnect
 .text.ExtCloseConnection
                0x0000b98e       0x14 k64f_rtiostream_interface.o
                0x0000b98e                ExtCloseConnection
 .text.ExtShutDown
                0x0000b9a2       0x1a k64f_rtiostream_interface.o
                0x0000b9a2                ExtShutDown
 .text.rtIOStreamBlockingSend
                0x0000b9bc       0x70 k64f_rtiostream_utils.o
                0x0000b9bc                rtIOStreamBlockingSend
 .text.mw_osSignalSet
                0x0000ba2c       0x2e mw_signal.o
                0x0000ba2c                mw_osSignalSet
 .text.mw_osSignalClear
                0x0000ba5a       0x26 mw_signal.o
                0x0000ba5a                mw_osSignalClear
 .text.mw_osSignalWaitEver
                0x0000ba80       0x20 mw_signal.o
                0x0000ba80                mw_osSignalWaitEver
 .text.mw_osSignalEventCreate
                0x0000baa0       0x20 mw_signal.o
                0x0000baa0                mw_osSignalEventCreate
 .text.mw_osSignalEventRelease
                0x0000bac0       0x26 mw_signal.o
                0x0000bac0                mw_osSignalEventRelease
 .text.mw_osSignalEventWaitEver
                0x0000bae6       0x34 mw_signal.o
                0x0000bae6                mw_osSignalEventWaitEver
 .text.mw_osThreadCreate
                0x0000bb1a       0x52 mw_thread.o
                0x0000bb1a                mw_osThreadCreate
 .text.mw_osThreadGetId
                0x0000bb6c        0xe mw_thread.o
                0x0000bb6c                mw_osThreadGetId
 .text.mw_osThreadExit
                0x0000bb7a       0x22 mw_thread.o
                0x0000bb7a                mw_osThreadExit
 .text.mw_osThreadJoin
                0x0000bb9c       0x1a mw_thread.o
                0x0000bb9c                mw_osThreadJoin
 .text.mw_osTimerCreate
                0x0000bbb6       0x4e mw_timer.o
                0x0000bbb6                mw_osTimerCreate
 .text.mw_osTimerStart
                0x0000bc04       0x24 mw_timer.o
                0x0000bc04                mw_osTimerStart
 .text.PORT_HAL_SetMuxMode
                0x0000bc28       0x58 pin_mux.o
 .text.SIM_HAL_EnableClock
                0x0000bc80       0x40 pin_mux.o
 .text.configure_uart_pins
                0x0000bcc0      0x194 pin_mux.o
                0x0000bcc0                configure_uart_pins
 .text.rtGetInf
                0x0000be54       0x60 rtGetInf.o
                0x0000be54                rtGetInf
 .text.rtGetInfF
                0x0000beb4       0x20 rtGetInf.o
                0x0000beb4                rtGetInfF
 .text.rtGetMinusInf
                0x0000bed4       0x60 rtGetInf.o
                0x0000bed4                rtGetMinusInf
 .text.rtGetMinusInfF
                0x0000bf34       0x24 rtGetInf.o
                0x0000bf34                rtGetMinusInfF
 .text.rtGetNaN
                0x0000bf58       0x60 rtGetNaN.o
                0x0000bf58                rtGetNaN
 .text.rtGetNaNF
                0x0000bfb8       0x28 rtGetNaN.o
                0x0000bfb8                rtGetNaNF
 .text.rt_InitInfAndNaN
                0x0000bfe0       0x88 rt_nonfinite.o
                0x0000bfe0                rt_InitInfAndNaN
 .text.rtIsNaN  0x0000c068       0x6c rt_nonfinite.o
                0x0000c068                rtIsNaN
 .text.rtIsNaNF
                0x0000c0d4       0x38 rt_nonfinite.o
                0x0000c0d4                rtIsNaNF
 .text._sbrk    0x0000c10c       0x5c sbrk.o
                0x0000c10c                _sbrk
 .text.init_data_bss
                0x0000c168       0xcc startup.o
                0x0000c168                init_data_bss
 .text.SystemInit
                0x0000c234      0x1dc system_MK64F12.o
                0x0000c234                SystemInit
 .text.SystemCoreClockUpdate
                0x0000c410      0x278 system_MK64F12.o
                0x0000c410                SystemCoreClockUpdate
 .text.getUARTBaudrate
                0x0000c688       0x12 tgtSvc_UARTInfo.o
                0x0000c688                getUARTBaudrate
 .text.getUARTInstance
                0x0000c69a       0x10 tgtSvc_UARTInfo.o
                0x0000c69a                getUARTInstance
 *fill*         0x0000c6aa        0x2 
 .text.untitled_AAI
                0x0000c6ac      0x2b4 untitled.o
 .text.untitled_AAIR
                0x0000c960      0x2b4 untitled.o
 .text.untitled_AOO
                0x0000cc14      0x250 untitled.o
 .text.untitled_AOOR
                0x0000ce64      0x250 untitled.o
 *fill*         0x0000d0b4        0x4 
 .text.untitled_Initial_State
                0x0000d0b8      0x6ec untitled.o
 .text.untitled_VOO
                0x0000d7a4      0x24c untitled.o
 .text.SystemCore_relea_b5oh5otl251gqo
                0x0000d9f0       0x2a untitled.o
 .text.SystemCore_delet_b5oh5otl251gqo
                0x0000da1a       0x16 untitled.o
 .text.matlabCodegenHan_b5oh5otl251gqo
                0x0000da30       0x24 untitled.o
 .text.SystemCore_rele_b5oh5otl251gqos
                0x0000da54       0x22 untitled.o
 .text.SystemCore_dele_b5oh5otl251gqos
                0x0000da76       0x16 untitled.o
 .text.matlabCodegenHa_b5oh5otl251gqos
                0x0000da8c       0x24 untitled.o
 .text.untitled_SystemCore_release_b
                0x0000dab0       0x2a untitled.o
 .text.untitled_SystemCore_delete_b
                0x0000dada       0x16 untitled.o
 .text.matlabCodegenHandle_matlabCod_b
                0x0000daf0       0x24 untitled.o
 .text.untitled_SystemCore_release
                0x0000db14       0x2a untitled.o
 .text.untitled_SystemCore_delete
                0x0000db3e       0x16 untitled.o
 .text.matlabCodegenHandle_matlabCodeg
                0x0000db54       0x24 untitled.o
 .text.un_SystemCore_release_b5oh5otl2
                0x0000db78       0x34 untitled.o
 .text.unt_SystemCore_delete_b5oh5otl2
                0x0000dbac       0x16 untitled.o
 .text.matlabCodegenHandle_m_b5oh5otl2
                0x0000dbc2       0x24 untitled.o
 *fill*         0x0000dbe6        0x2 
 .text.untitled_SystemCore_setup
                0x0000dbe8      0x158 untitled.o
 .text.untitled_step
                0x0000dd40     0x1fe8 untitled.o
                0x0000dd40                untitled_step
 .text.untitled_initialize
                0x0000fd28      0x5ec untitled.o
                0x0000fd28                untitled_initialize
 .text.untitled_terminate
                0x00010314       0xa8 untitled.o
                0x00010314                untitled_terminate
 .text.TgtConnInit
                0x000103bc       0x1c untitled_tgtconn.o
                0x000103bc                TgtConnInit
 .text.TgtConnTerm
                0x000103d8        0xc untitled_tgtconn.o
                0x000103d8                TgtConnTerm
 .text.SetParam
                0x000103e4      0x11e updown.o
                0x000103e4                SetParam
 .text.InitUploadSection
                0x00010502       0xc0 updown.o
 .text.InitSysUploadTable
                0x000105c2      0x17a updown.o
 .text.UploadBufInit
                0x0001073c       0x6e updown.o
 *fill*         0x000107aa        0x2 
 .text.UploadDestroyTrigger
                0x000107ac       0xd0 updown.o
 .text.UploadLogInfoReset
                0x0001087c       0x6c updown.o
                0x0001087c                UploadLogInfoReset
 .text.UploadLogInfoTerm
                0x000108e8      0x108 updown.o
                0x000108e8                UploadLogInfoTerm
 .text.UploadPrepareForFinalFlush
                0x000109f0       0x64 updown.o
                0x000109f0                UploadPrepareForFinalFlush
 .text.UploadLogInfoInit
                0x00010a54      0x17c updown.o
                0x00010a54                UploadLogInfoInit
 .text.UploadInitTrigger
                0x00010bd0      0x1c8 updown.o
                0x00010bd0                UploadInitTrigger
 .text.UploadArmTrigger
                0x00010d98       0xa0 updown.o
                0x00010d98                UploadArmTrigger
 .text.UploadEndLoggingSession
                0x00010e38       0x38 updown.o
                0x00010e38                UploadEndLoggingSession
 .text.UploadCancelLogging
                0x00010e70       0x70 updown.o
                0x00010e70                UploadCancelLogging
 .text.UploadBufDataSent
                0x00010ee0       0x68 updown.o
                0x00010ee0                UploadBufDataSent
 .text.UploadBufAssignMem
                0x00010f48      0x122 updown.o
 *fill*         0x0001106a        0x2 
 .text.UploadCheckTriggerSignals
                0x0001106c      0x1bc updown.o
 .text.UploadBufAddTimePoint
                0x00011228      0x4d8 updown.o
                0x00011228                UploadBufAddTimePoint
 .text.UploadCheckTrigger
                0x00011700       0x94 updown.o
                0x00011700                UploadCheckTrigger
 .text.UploadCheckEndTrigger
                0x00011794       0x5c updown.o
                0x00011794                UploadCheckEndTrigger
 .text.SetExtBufListFields
                0x000117f0      0x10c updown.o
 .text.SetExtBufListFieldsForEmptyList
                0x000118fc       0x44 updown.o
 .text.UploadBufGetData
                0x00011940       0xbc updown.o
                0x00011940                UploadBufGetData
 .text.sendToCommSvc
                0x000119fc       0x1c C:/ProgramData/MATLAB/SupportPackages/R2020a/toolbox/target/supportpackages/freedomk64f/bin/libcodertarget_RTIOStreamAppSvc.lib(RTIOStreamTgtAppSvcCIntrf.o)
                0x000119fc                sendToCommSvc
 .text.receiveFromCommSvc
                0x00011a18       0x1c C:/ProgramData/MATLAB/SupportPackages/R2020a/toolbox/target/supportpackages/freedomk64f/bin/libcodertarget_RTIOStreamAppSvc.lib(RTIOStreamTgtAppSvcCIntrf.o)
                0x00011a18                receiveFromCommSvc
 .text._ZN19RTIOStreamTgtAppSvc2idEv
                0x00011a34        0x4 C:/ProgramData/MATLAB/SupportPackages/R2020a/toolbox/target/supportpackages/freedomk64f/bin/libcodertarget_RTIOStreamAppSvc.lib(RTIOStreamTgtAppSvc.o)
                0x00011a34                RTIOStreamTgtAppSvc::id()
 .text._ZN19RTIOStreamTgtAppSvc13handleConnectEb
                0x00011a38        0x4 C:/ProgramData/MATLAB/SupportPackages/R2020a/toolbox/target/supportpackages/freedomk64f/bin/libcodertarget_RTIOStreamAppSvc.lib(RTIOStreamTgtAppSvc.o)
                0x00011a38                RTIOStreamTgtAppSvc::handleConnect(bool)
 .text._ZNK5coder6tgtsvc7Message7payloadEv.part.1
                0x00011a3c       0x1c C:/ProgramData/MATLAB/SupportPackages/R2020a/toolbox/target/supportpackages/freedomk64f/bin/libcodertarget_RTIOStreamAppSvc.lib(RTIOStreamTgtAppSvc.o)
 .text.unlikely._ZNK5coder6tgtsvc7Message6headerEv.part.2
                0x00011a58       0x1c C:/ProgramData/MATLAB/SupportPackages/R2020a/toolbox/target/supportpackages/freedomk64f/bin/libcodertarget_RTIOStreamAppSvc.lib(RTIOStreamTgtAppSvc.o)
 .text._ZN19RTIOStreamTgtAppSvcD2Ev
                0x00011a74       0x64 C:/ProgramData/MATLAB/SupportPackages/R2020a/toolbox/target/supportpackages/freedomk64f/bin/libcodertarget_RTIOStreamAppSvc.lib(RTIOStreamTgtAppSvc.o)
                0x00011a74                RTIOStreamTgtAppSvc::~RTIOStreamTgtAppSvc()
                0x00011a74                RTIOStreamTgtAppSvc::~RTIOStreamTgtAppSvc()
 .text._ZN19RTIOStreamTgtAppSvcD0Ev
                0x00011ad8       0x14 C:/ProgramData/MATLAB/SupportPackages/R2020a/toolbox/target/supportpackages/freedomk64f/bin/libcodertarget_RTIOStreamAppSvc.lib(RTIOStreamTgtAppSvc.o)
                0x00011ad8                RTIOStreamTgtAppSvc::~RTIOStreamTgtAppSvc()
 .text._ZN19RTIOStreamTgtAppSvc13handleMessageEPN5coder6tgtsvc7MessageE
                0x00011aec       0xac C:/ProgramData/MATLAB/SupportPackages/R2020a/toolbox/target/supportpackages/freedomk64f/bin/libcodertarget_RTIOStreamAppSvc.lib(RTIOStreamTgtAppSvc.o)
                0x00011aec                RTIOStreamTgtAppSvc::handleMessage(coder::tgtsvc::Message*)
 .text._ZN19RTIOStreamTgtAppSvc12get_instanceEv
                0x00011b98       0x80 C:/ProgramData/MATLAB/SupportPackages/R2020a/toolbox/target/supportpackages/freedomk64f/bin/libcodertarget_RTIOStreamAppSvc.lib(RTIOStreamTgtAppSvc.o)
                0x00011b98                RTIOStreamTgtAppSvc::get_instance()
 .text._ZN19RTIOStreamTgtAppSvc21sendDataToCommServiceEPKvjPj
                0x00011c18      0x1b8 C:/ProgramData/MATLAB/SupportPackages/R2020a/toolbox/target/supportpackages/freedomk64f/bin/libcodertarget_RTIOStreamAppSvc.lib(RTIOStreamTgtAppSvc.o)
                0x00011c18                RTIOStreamTgtAppSvc::sendDataToCommService(void const*, unsigned int, unsigned int*)
 .text._ZN19RTIOStreamTgtAppSvc26receiveDataFromCommServiceEPvjPj
                0x00011dd0       0xe0 C:/ProgramData/MATLAB/SupportPackages/R2020a/toolbox/target/supportpackages/freedomk64f/bin/libcodertarget_RTIOStreamAppSvc.lib(RTIOStreamTgtAppSvc.o)
                0x00011dd0                RTIOStreamTgtAppSvc::receiveDataFromCommService(void*, unsigned int, unsigned int*)
 .text._ZN5coder6tgtsvc11CommServiceD2Ev
                0x00011eb0       0x18 C:/ProgramData/MATLAB/SupportPackages/R2020a/toolbox/target/supportpackages/freedomk64f/bin/bm/libcodertarget_TargetServices.lib(CommService.o)
                0x00011eb0                coder::tgtsvc::CommService::~CommService()
                0x00011eb0                coder::tgtsvc::CommService::~CommService()
 .text.unlikely._ZNK5coder6tgtsvc7Message7payloadEv.part.5
                0x00011ec8       0x1c C:/ProgramData/MATLAB/SupportPackages/R2020a/toolbox/target/supportpackages/freedomk64f/bin/bm/libcodertarget_TargetServices.lib(CommService.o)
 .text.unlikely._ZNK5coder6tgtsvc7Message6headerEv.part.6
                0x00011ee4       0x1c C:/ProgramData/MATLAB/SupportPackages/R2020a/toolbox/target/supportpackages/freedomk64f/bin/bm/libcodertarget_TargetServices.lib(CommService.o)
 .text._ZN5coder6tgtsvc11CommService13initializeDMAEv.part.7
                0x00011f00       0x64 C:/ProgramData/MATLAB/SupportPackages/R2020a/toolbox/target/supportpackages/freedomk64f/bin/bm/libcodertarget_TargetServices.lib(CommService.o)
 .text._ZN5coder6tgtsvc11CommService15deinitializeDMAEv.part.8
                0x00011f64       0x48 C:/ProgramData/MATLAB/SupportPackages/R2020a/toolbox/target/supportpackages/freedomk64f/bin/bm/libcodertarget_TargetServices.lib(CommService.o)
 .text._ZN5coder6tgtsvc11StatusFlags8instanceEv
                0x00011fac        0x8 C:/ProgramData/MATLAB/SupportPackages/R2020a/toolbox/target/supportpackages/freedomk64f/bin/bm/libcodertarget_TargetServices.lib(CommService.o)
                0x00011fac                coder::tgtsvc::StatusFlags::instance()
 .text._ZN5coder6tgtsvc11CommService11sendMessageEPNS0_7MessageENS2_8PriorityE
                0x00011fb4       0xa8 C:/ProgramData/MATLAB/SupportPackages/R2020a/toolbox/target/supportpackages/freedomk64f/bin/bm/libcodertarget_TargetServices.lib(CommService.o)
                0x00011fb4                coder::tgtsvc::CommService::sendMessage(coder::tgtsvc::Message*, coder::tgtsvc::Message::Priority)
 .text._ZN5coder6tgtsvc11CommService16updateSendStatusEv
                0x0001205c       0x64 C:/ProgramData/MATLAB/SupportPackages/R2020a/toolbox/target/supportpackages/freedomk64f/bin/bm/libcodertarget_TargetServices.lib(CommService.o)
                0x0001205c                coder::tgtsvc::CommService::updateSendStatus()
 .text._ZN5coder6tgtsvc11CommService5resetEv
                0x000120c0      0x140 C:/ProgramData/MATLAB/SupportPackages/R2020a/toolbox/target/supportpackages/freedomk64f/bin/bm/libcodertarget_TargetServices.lib(CommService.o)
                0x000120c0                coder::tgtsvc::CommService::reset()
 .text._ZN5coder6tgtsvc11CommServiceC2Ev
                0x00012200       0x90 C:/ProgramData/MATLAB/SupportPackages/R2020a/toolbox/target/supportpackages/freedomk64f/bin/bm/libcodertarget_TargetServices.lib(CommService.o)
                0x00012200                coder::tgtsvc::CommService::CommService()
                0x00012200                coder::tgtsvc::CommService::CommService()
 .text._ZN5coder6tgtsvc11CommService8instanceEv
                0x00012290       0x4c C:/ProgramData/MATLAB/SupportPackages/R2020a/toolbox/target/supportpackages/freedomk64f/bin/bm/libcodertarget_TargetServices.lib(CommService.o)
                0x00012290                coder::tgtsvc::CommService::instance()
 .text.receiveComplete
                0x000122dc       0x5c C:/ProgramData/MATLAB/SupportPackages/R2020a/toolbox/target/supportpackages/freedomk64f/bin/bm/libcodertarget_TargetServices.lib(CommService.o)
                0x000122dc                receiveComplete
 .text.sendComplete
                0x00012338       0x70 C:/ProgramData/MATLAB/SupportPackages/R2020a/toolbox/target/supportpackages/freedomk64f/bin/bm/libcodertarget_TargetServices.lib(CommService.o)
                0x00012338                sendComplete
 .text._ZN5coder6tgtsvc11CommService12sendQueuePopEv
                0x000123a8       0x60 C:/ProgramData/MATLAB/SupportPackages/R2020a/toolbox/target/supportpackages/freedomk64f/bin/bm/libcodertarget_TargetServices.lib(CommService.o)
                0x000123a8                coder::tgtsvc::CommService::sendQueuePop()
 .text._ZN5coder6tgtsvc11CommService17connectedSendTaskEv
                0x00012408      0x278 C:/ProgramData/MATLAB/SupportPackages/R2020a/toolbox/target/supportpackages/freedomk64f/bin/bm/libcodertarget_TargetServices.lib(CommService.o)
                0x00012408                coder::tgtsvc::CommService::connectedSendTask()
 .text._ZN5coder6tgtsvc11CommService22verifyNextSerialPacketEv
                0x00012680      0x170 C:/ProgramData/MATLAB/SupportPackages/R2020a/toolbox/target/supportpackages/freedomk64f/bin/bm/libcodertarget_TargetServices.lib(CommService.o)
                0x00012680                coder::tgtsvc::CommService::verifyNextSerialPacket()
 .text._ZN5coder6tgtsvc11CommService13handleMessageEPNS0_7MessageE
                0x000127f0      0x164 C:/ProgramData/MATLAB/SupportPackages/R2020a/toolbox/target/supportpackages/freedomk64f/bin/bm/libcodertarget_TargetServices.lib(CommService.o)
                0x000127f0                coder::tgtsvc::CommService::handleMessage(coder::tgtsvc::Message*)
 .text._ZN5coder6tgtsvc11CommService13handleAppDataEv
                0x00012954      0x240 C:/ProgramData/MATLAB/SupportPackages/R2020a/toolbox/target/supportpackages/freedomk64f/bin/bm/libcodertarget_TargetServices.lib(CommService.o)
                0x00012954                coder::tgtsvc::CommService::handleAppData()
 .text._ZN5coder6tgtsvc11CommService17connectedRecvTaskEv
                0x00012b94       0xc0 C:/ProgramData/MATLAB/SupportPackages/R2020a/toolbox/target/supportpackages/freedomk64f/bin/bm/libcodertarget_TargetServices.lib(CommService.o)
                0x00012b94                coder::tgtsvc::CommService::connectedRecvTask()
 .text._ZN5coder6tgtsvc11CommService3runEv
                0x00012c54      0x1cc C:/ProgramData/MATLAB/SupportPackages/R2020a/toolbox/target/supportpackages/freedomk64f/bin/bm/libcodertarget_TargetServices.lib(CommService.o)
                0x00012c54                coder::tgtsvc::CommService::run()
 .text.runCommService
                0x00012e20       0xac C:/ProgramData/MATLAB/SupportPackages/R2020a/toolbox/target/supportpackages/freedomk64f/bin/bm/libcodertarget_TargetServices.lib(CommService.o)
                0x00012e20                runCommService
 .text.terminateCommServiceTask
                0x00012ecc       0x40 C:/ProgramData/MATLAB/SupportPackages/R2020a/toolbox/target/supportpackages/freedomk64f/bin/bm/libcodertarget_TargetServices.lib(CommService.o)
                0x00012ecc                terminateCommServiceTask
 .text.setCommServiceErrorState
                0x00012f0c       0x10 C:/ProgramData/MATLAB/SupportPackages/R2020a/toolbox/target/supportpackages/freedomk64f/bin/bm/libcodertarget_TargetServices.lib(CommService.o)
                0x00012f0c                setCommServiceErrorState
 .text.startup._GLOBAL__sub_I_receiveComplete
                0x00012f1c       0x1c C:/ProgramData/MATLAB/SupportPackages/R2020a/toolbox/target/supportpackages/freedomk64f/bin/bm/libcodertarget_TargetServices.lib(CommService.o)
 .text._ZN5coder6tgtsvc11Application8dispatchEPNS0_7MessageE
                0x00012f38       0x80 C:/ProgramData/MATLAB/SupportPackages/R2020a/toolbox/target/supportpackages/freedomk64f/bin/bm/libcodertarget_TargetServices.lib(Application.o)
                0x00012f38                coder::tgtsvc::Application::dispatch(coder::tgtsvc::Message*)
 .text._ZN5coder6tgtsvc11Application17connectionChangedEb
                0x00012fb8       0x24 C:/ProgramData/MATLAB/SupportPackages/R2020a/toolbox/target/supportpackages/freedomk64f/bin/bm/libcodertarget_TargetServices.lib(Application.o)
                0x00012fb8                coder::tgtsvc::Application::connectionChanged(bool)
 .text._ZN5coder6tgtsvc7MessagenwEj
                0x00012fdc       0x14 C:/ProgramData/MATLAB/SupportPackages/R2020a/toolbox/target/supportpackages/freedomk64f/bin/bm/libcodertarget_TargetServices.lib(Message.o)
                0x00012fdc                coder::tgtsvc::Message::operator new(unsigned int)
 .text._ZN5coder6tgtsvc7MessagedlEPv
                0x00012ff0       0x1c C:/ProgramData/MATLAB/SupportPackages/R2020a/toolbox/target/supportpackages/freedomk64f/bin/bm/libcodertarget_TargetServices.lib(Message.o)
                0x00012ff0                coder::tgtsvc::Message::operator delete(void*)
 .text._ZN5coder6tgtsvc7Message5allocEt
                0x0001300c       0x14 C:/ProgramData/MATLAB/SupportPackages/R2020a/toolbox/target/supportpackages/freedomk64f/bin/bm/libcodertarget_TargetServices.lib(Message.o)
                0x0001300c                coder::tgtsvc::Message::alloc(unsigned short)
 .text._ZNK5coder6tgtsvc7Message15payloadCapacityEv
                0x00013020        0xc C:/ProgramData/MATLAB/SupportPackages/R2020a/toolbox/target/supportpackages/freedomk64f/bin/bm/libcodertarget_TargetServices.lib(Message.o)
                0x00013020                coder::tgtsvc::Message::payloadCapacity() const
 .text._ZN5coder6tgtsvc7Message18maxPayloadCapacityEv
                0x0001302c        0xc C:/ProgramData/MATLAB/SupportPackages/R2020a/toolbox/target/supportpackages/freedomk64f/bin/bm/libcodertarget_TargetServices.lib(Message.o)
                0x0001302c                coder::tgtsvc::Message::maxPayloadCapacity()
 .text.enter_critical_section
                0x00013038       0x10 C:/ProgramData/MATLAB/SupportPackages/R2020a/toolbox/target/supportpackages/freedomk64f/bin/bm/libcodertarget_TargetServices.lib(critical_section.o)
                0x00013038                enter_critical_section
 .text.leave_critical_section
                0x00013048       0x30 C:/ProgramData/MATLAB/SupportPackages/R2020a/toolbox/target/supportpackages/freedomk64f/bin/bm/libcodertarget_TargetServices.lib(critical_section.o)
                0x00013048                leave_critical_section
 .text._ZN5coder6tgtsvc13MemoryServiceD2Ev
                0x00013078        0x4 C:/ProgramData/MATLAB/SupportPackages/R2020a/toolbox/target/supportpackages/freedomk64f/bin/bm/libcodertarget_TargetServices.lib(MemoryService.o)
                0x00013078                coder::tgtsvc::MemoryService::~MemoryService()
                0x00013078                coder::tgtsvc::MemoryService::~MemoryService()
 .text._ZN5coder6tgtsvc13MemoryService8instanceEv
                0x0001307c       0x64 C:/ProgramData/MATLAB/SupportPackages/R2020a/toolbox/target/supportpackages/freedomk64f/bin/bm/libcodertarget_TargetServices.lib(MemoryService.o)
                0x0001307c                coder::tgtsvc::MemoryService::instance()
 .text._ZN5coder6tgtsvc13MemoryService5allocEj
                0x000130e0       0x2c C:/ProgramData/MATLAB/SupportPackages/R2020a/toolbox/target/supportpackages/freedomk64f/bin/bm/libcodertarget_TargetServices.lib(MemoryService.o)
                0x000130e0                coder::tgtsvc::MemoryService::alloc(unsigned int)
 .text._ZN5coder6tgtsvc13MemoryService4freeEPv
                0x0001310c       0x1c C:/ProgramData/MATLAB/SupportPackages/R2020a/toolbox/target/supportpackages/freedomk64f/bin/bm/libcodertarget_TargetServices.lib(MemoryService.o)
                0x0001310c                coder::tgtsvc::MemoryService::free(void*)
 .text.osThreadExit
                0x00013128       0x18 C:/ProgramData/MATLAB/SupportPackages/R2020a/3P.instrset/cmsis.instrset/CMSIS/RTOS/RTX/LIB/GCC/libRTX_CM4.a(rt_cmsis.o)
                0x00013128                osThreadExit
 .text.svcKernelInitialize
                0x00013140      0x100 C:/ProgramData/MATLAB/SupportPackages/R2020a/3P.instrset/cmsis.instrset/CMSIS/RTOS/RTX/LIB/GCC/libRTX_CM4.a(rt_cmsis.o)
                0x00013140                svcKernelInitialize
 .text.svcKernelStart
                0x00013240       0x4c C:/ProgramData/MATLAB/SupportPackages/R2020a/3P.instrset/cmsis.instrset/CMSIS/RTOS/RTX/LIB/GCC/libRTX_CM4.a(rt_cmsis.o)
                0x00013240                svcKernelStart
 .text.osKernelInitialize
                0x0001328c      0x120 C:/ProgramData/MATLAB/SupportPackages/R2020a/3P.instrset/cmsis.instrset/CMSIS/RTOS/RTX/LIB/GCC/libRTX_CM4.a(rt_cmsis.o)
                0x0001328c                osKernelInitialize
 .text.osKernelStart
                0x000133ac       0x70 C:/ProgramData/MATLAB/SupportPackages/R2020a/3P.instrset/cmsis.instrset/CMSIS/RTOS/RTX/LIB/GCC/libRTX_CM4.a(rt_cmsis.o)
                0x000133ac                osKernelStart
 .text.svcThreadCreate
                0x0001341c       0x7c C:/ProgramData/MATLAB/SupportPackages/R2020a/3P.instrset/cmsis.instrset/CMSIS/RTOS/RTX/LIB/GCC/libRTX_CM4.a(rt_cmsis.o)
                0x0001341c                svcThreadCreate
 .text.svcThreadGetId
                0x00013498       0x18 C:/ProgramData/MATLAB/SupportPackages/R2020a/3P.instrset/cmsis.instrset/CMSIS/RTOS/RTX/LIB/GCC/libRTX_CM4.a(rt_cmsis.o)
                0x00013498                svcThreadGetId
 .text.svcThreadTerminate
                0x000134b0       0x44 C:/ProgramData/MATLAB/SupportPackages/R2020a/3P.instrset/cmsis.instrset/CMSIS/RTOS/RTX/LIB/GCC/libRTX_CM4.a(rt_cmsis.o)
                0x000134b0                svcThreadTerminate
 .text.osThreadCreate
                0x000134f4       0x9c C:/ProgramData/MATLAB/SupportPackages/R2020a/3P.instrset/cmsis.instrset/CMSIS/RTOS/RTX/LIB/GCC/libRTX_CM4.a(rt_cmsis.o)
                0x000134f4                osThreadCreate
 .text.osThreadGetId
                0x00013590       0x18 C:/ProgramData/MATLAB/SupportPackages/R2020a/3P.instrset/cmsis.instrset/CMSIS/RTOS/RTX/LIB/GCC/libRTX_CM4.a(rt_cmsis.o)
                0x00013590                osThreadGetId
 .text.osThreadTerminate
                0x000135a8       0x18 C:/ProgramData/MATLAB/SupportPackages/R2020a/3P.instrset/cmsis.instrset/CMSIS/RTOS/RTX/LIB/GCC/libRTX_CM4.a(rt_cmsis.o)
                0x000135a8                osThreadTerminate
 .text.svcTimerCreate
                0x000135c0       0x3c C:/ProgramData/MATLAB/SupportPackages/R2020a/3P.instrset/cmsis.instrset/CMSIS/RTOS/RTX/LIB/GCC/libRTX_CM4.a(rt_cmsis.o)
                0x000135c0                svcTimerCreate
 .text.svcTimerStart
                0x000135fc       0xc8 C:/ProgramData/MATLAB/SupportPackages/R2020a/3P.instrset/cmsis.instrset/CMSIS/RTOS/RTX/LIB/GCC/libRTX_CM4.a(rt_cmsis.o)
                0x000135fc                svcTimerStart
 .text.svcTimerCall
                0x000136c4       0x18 C:/ProgramData/MATLAB/SupportPackages/R2020a/3P.instrset/cmsis.instrset/CMSIS/RTOS/RTX/LIB/GCC/libRTX_CM4.a(rt_cmsis.o)
                0x000136c4                svcTimerCall
 .text.sysTimerTick
                0x000136dc       0xb4 C:/ProgramData/MATLAB/SupportPackages/R2020a/3P.instrset/cmsis.instrset/CMSIS/RTOS/RTX/LIB/GCC/libRTX_CM4.a(rt_cmsis.o)
                0x000136dc                sysTimerTick
 .text.osTimerCreate
                0x00013790       0x64 C:/ProgramData/MATLAB/SupportPackages/R2020a/3P.instrset/cmsis.instrset/CMSIS/RTOS/RTX/LIB/GCC/libRTX_CM4.a(rt_cmsis.o)
                0x00013790                osTimerCreate
 .text.osTimerStart
                0x000137f4       0x18 C:/ProgramData/MATLAB/SupportPackages/R2020a/3P.instrset/cmsis.instrset/CMSIS/RTOS/RTX/LIB/GCC/libRTX_CM4.a(rt_cmsis.o)
                0x000137f4                osTimerStart
 .text.osTimerThread
                0x0001380c       0x40 C:/ProgramData/MATLAB/SupportPackages/R2020a/3P.instrset/cmsis.instrset/CMSIS/RTOS/RTX/LIB/GCC/libRTX_CM4.a(rt_cmsis.o)
                0x0001380c                osTimerThread
 .text.svcSignalSet
                0x0001384c       0x28 C:/ProgramData/MATLAB/SupportPackages/R2020a/3P.instrset/cmsis.instrset/CMSIS/RTOS/RTX/LIB/GCC/libRTX_CM4.a(rt_cmsis.o)
                0x0001384c                svcSignalSet
 .text.svcSignalClear
                0x00013874       0x28 C:/ProgramData/MATLAB/SupportPackages/R2020a/3P.instrset/cmsis.instrset/CMSIS/RTOS/RTX/LIB/GCC/libRTX_CM4.a(rt_cmsis.o)
                0x00013874                svcSignalClear
 .text.svcSignalWait
                0x0001389c       0xfc C:/ProgramData/MATLAB/SupportPackages/R2020a/3P.instrset/cmsis.instrset/CMSIS/RTOS/RTX/LIB/GCC/libRTX_CM4.a(rt_cmsis.o)
                0x0001389c                svcSignalWait
 .text.osSignalSet
                0x00013998       0x40 C:/ProgramData/MATLAB/SupportPackages/R2020a/3P.instrset/cmsis.instrset/CMSIS/RTOS/RTX/LIB/GCC/libRTX_CM4.a(rt_cmsis.o)
                0x00013998                osSignalSet
 .text.osSignalClear
                0x000139d8       0x1c C:/ProgramData/MATLAB/SupportPackages/R2020a/3P.instrset/cmsis.instrset/CMSIS/RTOS/RTX/LIB/GCC/libRTX_CM4.a(rt_cmsis.o)
                0x000139d8                osSignalClear
 .text.osSignalWait
                0x000139f4       0x28 C:/ProgramData/MATLAB/SupportPackages/R2020a/3P.instrset/cmsis.instrset/CMSIS/RTOS/RTX/LIB/GCC/libRTX_CM4.a(rt_cmsis.o)
                0x000139f4                osSignalWait
 .text.svcMessageGet
                0x00013a1c       0xa8 C:/ProgramData/MATLAB/SupportPackages/R2020a/3P.instrset/cmsis.instrset/CMSIS/RTOS/RTX/LIB/GCC/libRTX_CM4.a(rt_cmsis.o)
                0x00013a1c                svcMessageGet
 .text.rt_init_stack
                0x00013ac4       0xa4 C:/ProgramData/MATLAB/SupportPackages/R2020a/3P.instrset/cmsis.instrset/CMSIS/RTOS/RTX/LIB/GCC/libRTX_CM4.a(hal_cm.o)
                0x00013ac4                rt_init_stack
 .text.rt_ret_val
                0x00013b68       0x14 C:/ProgramData/MATLAB/SupportPackages/R2020a/3P.instrset/cmsis.instrset/CMSIS/RTOS/RTX/LIB/GCC/libRTX_CM4.a(hal_cm.o)
                0x00013b68                rt_ret_val
 .text.rt_ret_val2
                0x00013b7c       0x24 C:/ProgramData/MATLAB/SupportPackages/R2020a/3P.instrset/cmsis.instrset/CMSIS/RTOS/RTX/LIB/GCC/libRTX_CM4.a(hal_cm.o)
                0x00013b7c                rt_ret_val2
 .text.dbg_init
                0x00013ba0       0x34 C:/ProgramData/MATLAB/SupportPackages/R2020a/3P.instrset/cmsis.instrset/CMSIS/RTOS/RTX/LIB/GCC/libRTX_CM4.a(hal_cm.o)
                0x00013ba0                dbg_init
 .text.dbg_task_notify
                0x00013bd4       0x2c C:/ProgramData/MATLAB/SupportPackages/R2020a/3P.instrset/cmsis.instrset/CMSIS/RTOS/RTX/LIB/GCC/libRTX_CM4.a(hal_cm.o)
                0x00013bd4                dbg_task_notify
 .text.dbg_task_switch
                0x00013c00       0x14 C:/ProgramData/MATLAB/SupportPackages/R2020a/3P.instrset/cmsis.instrset/CMSIS/RTOS/RTX/LIB/GCC/libRTX_CM4.a(hal_cm.o)
                0x00013c00                dbg_task_switch
 .text.rt_init_mem
                0x00013c14       0x1c C:/ProgramData/MATLAB/SupportPackages/R2020a/3P.instrset/cmsis.instrset/CMSIS/RTOS/RTX/LIB/GCC/libRTX_CM4.a(rt_memory.o)
                0x00013c14                rt_init_mem
 .text.rt_alloc_mem
                0x00013c30       0x50 C:/ProgramData/MATLAB/SupportPackages/R2020a/3P.instrset/cmsis.instrset/CMSIS/RTOS/RTX/LIB/GCC/libRTX_CM4.a(rt_memory.o)
                0x00013c30                rt_alloc_mem
 .text.rt_free_mem
                0x00013c80       0x44 C:/ProgramData/MATLAB/SupportPackages/R2020a/3P.instrset/cmsis.instrset/CMSIS/RTOS/RTX/LIB/GCC/libRTX_CM4.a(rt_memory.o)
                0x00013c80                rt_free_mem
 .text._init_box
                0x00013cc4       0x58 C:/ProgramData/MATLAB/SupportPackages/R2020a/3P.instrset/cmsis.instrset/CMSIS/RTOS/RTX/LIB/GCC/libRTX_CM4.a(rt_membox.o)
                0x00013cc4                _init_box
 .text.rt_alloc_box
                0x00013d1c       0x1c C:/ProgramData/MATLAB/SupportPackages/R2020a/3P.instrset/cmsis.instrset/CMSIS/RTOS/RTX/LIB/GCC/libRTX_CM4.a(rt_membox.o)
                0x00013d1c                rt_alloc_box
 .text.rt_free_box
                0x00013d38       0x28 C:/ProgramData/MATLAB/SupportPackages/R2020a/3P.instrset/cmsis.instrset/CMSIS/RTOS/RTX/LIB/GCC/libRTX_CM4.a(rt_membox.o)
                0x00013d38                rt_free_box
 .text.rt_sem_psh
                0x00013d60       0x34 C:/ProgramData/MATLAB/SupportPackages/R2020a/3P.instrset/cmsis.instrset/CMSIS/RTOS/RTX/LIB/GCC/libRTX_CM4.a(rt_semaphore.o)
                0x00013d60                rt_sem_psh
 .text.rt_mbx_init
                0x00013d94       0x1c C:/ProgramData/MATLAB/SupportPackages/R2020a/3P.instrset/cmsis.instrset/CMSIS/RTOS/RTX/LIB/GCC/libRTX_CM4.a(rt_mailbox.o)
                0x00013d94                rt_mbx_init
 .text.rt_mbx_wait
                0x00013db0       0xa8 C:/ProgramData/MATLAB/SupportPackages/R2020a/3P.instrset/cmsis.instrset/CMSIS/RTOS/RTX/LIB/GCC/libRTX_CM4.a(rt_mailbox.o)
                0x00013db0                rt_mbx_wait
 .text.rt_mbx_check
                0x00013e58        0x8 C:/ProgramData/MATLAB/SupportPackages/R2020a/3P.instrset/cmsis.instrset/CMSIS/RTOS/RTX/LIB/GCC/libRTX_CM4.a(rt_mailbox.o)
                0x00013e58                rt_mbx_check
 .text.isr_mbx_send
                0x00013e60       0x10 C:/ProgramData/MATLAB/SupportPackages/R2020a/3P.instrset/cmsis.instrset/CMSIS/RTOS/RTX/LIB/GCC/libRTX_CM4.a(rt_mailbox.o)
                0x00013e60                isr_mbx_send
 .text.rt_mbx_psh
                0x00013e70       0xe4 C:/ProgramData/MATLAB/SupportPackages/R2020a/3P.instrset/cmsis.instrset/CMSIS/RTOS/RTX/LIB/GCC/libRTX_CM4.a(rt_mailbox.o)
                0x00013e70                rt_mbx_psh
 .text.rt_put_prio
                0x00013f54       0x50 C:/ProgramData/MATLAB/SupportPackages/R2020a/3P.instrset/cmsis.instrset/CMSIS/RTOS/RTX/LIB/GCC/libRTX_CM4.a(rt_list.o)
                0x00013f54                rt_put_prio
 .text.rt_get_first
                0x00013fa4       0x28 C:/ProgramData/MATLAB/SupportPackages/R2020a/3P.instrset/cmsis.instrset/CMSIS/RTOS/RTX/LIB/GCC/libRTX_CM4.a(rt_list.o)
                0x00013fa4                rt_get_first
 .text.rt_put_rdy_first
                0x00013fcc       0x14 C:/ProgramData/MATLAB/SupportPackages/R2020a/3P.instrset/cmsis.instrset/CMSIS/RTOS/RTX/LIB/GCC/libRTX_CM4.a(rt_list.o)
                0x00013fcc                rt_put_rdy_first
 .text.rt_resort_prio
                0x00013fe0       0x94 C:/ProgramData/MATLAB/SupportPackages/R2020a/3P.instrset/cmsis.instrset/CMSIS/RTOS/RTX/LIB/GCC/libRTX_CM4.a(rt_list.o)
                0x00013fe0                rt_resort_prio
 .text.rt_put_dly
                0x00014074       0x60 C:/ProgramData/MATLAB/SupportPackages/R2020a/3P.instrset/cmsis.instrset/CMSIS/RTOS/RTX/LIB/GCC/libRTX_CM4.a(rt_list.o)
                0x00014074                rt_put_dly
 .text.rt_dec_dly
                0x000140d4       0xd8 C:/ProgramData/MATLAB/SupportPackages/R2020a/3P.instrset/cmsis.instrset/CMSIS/RTOS/RTX/LIB/GCC/libRTX_CM4.a(rt_list.o)
                0x000140d4                rt_dec_dly
 .text.rt_rmv_list
                0x000141ac       0x2c C:/ProgramData/MATLAB/SupportPackages/R2020a/3P.instrset/cmsis.instrset/CMSIS/RTOS/RTX/LIB/GCC/libRTX_CM4.a(rt_list.o)
                0x000141ac                rt_rmv_list
 .text.rt_rmv_dly
                0x000141d8       0x2c C:/ProgramData/MATLAB/SupportPackages/R2020a/3P.instrset/cmsis.instrset/CMSIS/RTOS/RTX/LIB/GCC/libRTX_CM4.a(rt_list.o)
                0x000141d8                rt_rmv_dly
 .text.rt_psq_enq
                0x00014204       0x44 C:/ProgramData/MATLAB/SupportPackages/R2020a/3P.instrset/cmsis.instrset/CMSIS/RTOS/RTX/LIB/GCC/libRTX_CM4.a(rt_list.o)
                0x00014204                rt_psq_enq
 .text.rt_evt_wait
                0x00014248       0x4c C:/ProgramData/MATLAB/SupportPackages/R2020a/3P.instrset/cmsis.instrset/CMSIS/RTOS/RTX/LIB/GCC/libRTX_CM4.a(rt_event.o)
                0x00014248                rt_evt_wait
 .text.rt_evt_set
                0x00014294       0x58 C:/ProgramData/MATLAB/SupportPackages/R2020a/3P.instrset/cmsis.instrset/CMSIS/RTOS/RTX/LIB/GCC/libRTX_CM4.a(rt_event.o)
                0x00014294                rt_evt_set
 .text.rt_evt_clr
                0x000142ec       0x18 C:/ProgramData/MATLAB/SupportPackages/R2020a/3P.instrset/cmsis.instrset/CMSIS/RTOS/RTX/LIB/GCC/libRTX_CM4.a(rt_event.o)
                0x000142ec                rt_evt_clr
 .text.isr_evt_set
                0x00014304       0x24 C:/ProgramData/MATLAB/SupportPackages/R2020a/3P.instrset/cmsis.instrset/CMSIS/RTOS/RTX/LIB/GCC/libRTX_CM4.a(rt_event.o)
                0x00014304                isr_evt_set
 .text.rt_evt_psh
                0x00014328       0x50 C:/ProgramData/MATLAB/SupportPackages/R2020a/3P.instrset/cmsis.instrset/CMSIS/RTOS/RTX/LIB/GCC/libRTX_CM4.a(rt_event.o)
                0x00014328                rt_evt_psh
 .text.rt_psh_req
                0x00014378       0x20 C:/ProgramData/MATLAB/SupportPackages/R2020a/3P.instrset/cmsis.instrset/CMSIS/RTOS/RTX/LIB/GCC/libRTX_CM4.a(rt_system.o)
                0x00014378                rt_psh_req
 .text.rt_pop_req
                0x00014398       0x78 C:/ProgramData/MATLAB/SupportPackages/R2020a/3P.instrset/cmsis.instrset/CMSIS/RTOS/RTX/LIB/GCC/libRTX_CM4.a(rt_system.o)
                0x00014398                rt_pop_req
 .text.os_tick_init
                0x00014410       0x40 C:/ProgramData/MATLAB/SupportPackages/R2020a/3P.instrset/cmsis.instrset/CMSIS/RTOS/RTX/LIB/GCC/libRTX_CM4.a(rt_system.o)
                0x00014410                os_tick_init
 .text.os_tick_irqack
                0x00014450        0x4 C:/ProgramData/MATLAB/SupportPackages/R2020a/3P.instrset/cmsis.instrset/CMSIS/RTOS/RTX/LIB/GCC/libRTX_CM4.a(rt_system.o)
                0x00014450                os_tick_irqack
 .text.rt_systick
                0x00014454       0x3c C:/ProgramData/MATLAB/SupportPackages/R2020a/3P.instrset/cmsis.instrset/CMSIS/RTOS/RTX/LIB/GCC/libRTX_CM4.a(rt_system.o)
                0x00014454                rt_systick
 .text.rt_stk_check
                0x00014490       0x24 C:/ProgramData/MATLAB/SupportPackages/R2020a/3P.instrset/cmsis.instrset/CMSIS/RTOS/RTX/LIB/GCC/libRTX_CM4.a(rt_system.o)
                0x00014490                rt_stk_check
 .text.rt_switch_req
                0x000144b4       0x24 C:/ProgramData/MATLAB/SupportPackages/R2020a/3P.instrset/cmsis.instrset/CMSIS/RTOS/RTX/LIB/GCC/libRTX_CM4.a(rt_task.o)
                0x000144b4                rt_switch_req
 .text.rt_dispatch
                0x000144d8       0x7c C:/ProgramData/MATLAB/SupportPackages/R2020a/3P.instrset/cmsis.instrset/CMSIS/RTOS/RTX/LIB/GCC/libRTX_CM4.a(rt_task.o)
                0x000144d8                rt_dispatch
 .text.rt_block
                0x00014554       0x50 C:/ProgramData/MATLAB/SupportPackages/R2020a/3P.instrset/cmsis.instrset/CMSIS/RTOS/RTX/LIB/GCC/libRTX_CM4.a(rt_task.o)
                0x00014554                rt_block
 .text.rt_tsk_self
                0x000145a4       0x10 C:/ProgramData/MATLAB/SupportPackages/R2020a/3P.instrset/cmsis.instrset/CMSIS/RTOS/RTX/LIB/GCC/libRTX_CM4.a(rt_task.o)
                0x000145a4                rt_tsk_self
 .text.rt_tsk_prio
                0x000145b4       0xf8 C:/ProgramData/MATLAB/SupportPackages/R2020a/3P.instrset/cmsis.instrset/CMSIS/RTOS/RTX/LIB/GCC/libRTX_CM4.a(rt_task.o)
                0x000145b4                rt_tsk_prio
 .text.rt_tsk_create
                0x000146ac      0x110 C:/ProgramData/MATLAB/SupportPackages/R2020a/3P.instrset/cmsis.instrset/CMSIS/RTOS/RTX/LIB/GCC/libRTX_CM4.a(rt_task.o)
                0x000146ac                rt_tsk_create
 .text.rt_tsk_delete
                0x000147bc      0x1c4 C:/ProgramData/MATLAB/SupportPackages/R2020a/3P.instrset/cmsis.instrset/CMSIS/RTOS/RTX/LIB/GCC/libRTX_CM4.a(rt_task.o)
                0x000147bc                rt_tsk_delete
 .text.rt_sys_init
                0x00014980       0xec C:/ProgramData/MATLAB/SupportPackages/R2020a/3P.instrset/cmsis.instrset/CMSIS/RTOS/RTX/LIB/GCC/libRTX_CM4.a(rt_task.o)
                0x00014980                rt_sys_init
 .text.rt_sys_start
                0x00014a6c       0x8c C:/ProgramData/MATLAB/SupportPackages/R2020a/3P.instrset/cmsis.instrset/CMSIS/RTOS/RTX/LIB/GCC/libRTX_CM4.a(rt_task.o)
                0x00014a6c                rt_sys_start
 .text.OSA_TimeInit
                0x00014af8       0x44 C:/ProgramData/MATLAB/SupportPackages/R2020a/toolbox/target/supportpackages/freedomk64f/src/ksdk_armgcc_lib/bm/libksdk_platform.a(fsl_os_abstraction_bm.o)
                0x00014af8                OSA_TimeInit
 .text.OSA_TimeDiff
                0x00014b3c        0xe C:/ProgramData/MATLAB/SupportPackages/R2020a/toolbox/target/supportpackages/freedomk64f/src/ksdk_armgcc_lib/bm/libksdk_platform.a(fsl_os_abstraction_bm.o)
                0x00014b3c                OSA_TimeDiff
 *fill*         0x00014b4a        0x2 
 .text.OSA_SemaCreate
                0x00014b4c       0x2c C:/ProgramData/MATLAB/SupportPackages/R2020a/toolbox/target/supportpackages/freedomk64f/src/ksdk_armgcc_lib/bm/libksdk_platform.a(fsl_os_abstraction_bm.o)
                0x00014b4c                OSA_SemaCreate
 .text.OSA_SemaPost
                0x00014b78       0x3c C:/ProgramData/MATLAB/SupportPackages/R2020a/toolbox/target/supportpackages/freedomk64f/src/ksdk_armgcc_lib/bm/libksdk_platform.a(fsl_os_abstraction_bm.o)
                0x00014b78                OSA_SemaPost
 .text.OSA_SemaDestroy
                0x00014bb4       0x20 C:/ProgramData/MATLAB/SupportPackages/R2020a/toolbox/target/supportpackages/freedomk64f/src/ksdk_armgcc_lib/bm/libksdk_platform.a(fsl_os_abstraction_bm.o)
                0x00014bb4                OSA_SemaDestroy
 .text.task_init
                0x00014bd4       0x38 C:/ProgramData/MATLAB/SupportPackages/R2020a/toolbox/target/supportpackages/freedomk64f/src/ksdk_armgcc_lib/bm/libksdk_platform.a(fsl_os_abstraction_bm.o)
                0x00014bd4                task_init
 .text.OSA_TimeGetMsec
                0x00014c0c        0xc C:/ProgramData/MATLAB/SupportPackages/R2020a/toolbox/target/supportpackages/freedomk64f/src/ksdk_armgcc_lib/bm/libksdk_platform.a(fsl_os_abstraction_bm.o)
                0x00014c0c                OSA_TimeGetMsec
 .text.OSA_TimeDelay
                0x00014c18       0x1c C:/ProgramData/MATLAB/SupportPackages/R2020a/toolbox/target/supportpackages/freedomk64f/src/ksdk_armgcc_lib/bm/libksdk_platform.a(fsl_os_abstraction_bm.o)
                0x00014c18                OSA_TimeDelay
 .text.OSA_Init
                0x00014c34        0xe C:/ProgramData/MATLAB/SupportPackages/R2020a/toolbox/target/supportpackages/freedomk64f/src/ksdk_armgcc_lib/bm/libksdk_platform.a(fsl_os_abstraction_bm.o)
                0x00014c34                OSA_Init
 *fill*         0x00014c42        0x2 
 .text.CLOCK_SYS_SetMcgPeeToFbe
                0x00014c44       0x34 C:/ProgramData/MATLAB/SupportPackages/R2020a/toolbox/target/supportpackages/freedomk64f/src/ksdk_armgcc_lib/bm/libksdk_platform.a(fsl_clock_manager.o)
 .text.CLOCK_SYS_SetMcgMode
                0x00014c78      0x124 C:/ProgramData/MATLAB/SupportPackages/R2020a/toolbox/target/supportpackages/freedomk64f/src/ksdk_armgcc_lib/bm/libksdk_platform.a(fsl_clock_manager.o)
                0x00014c78                CLOCK_SYS_SetMcgMode
 .text.CLOCK_SYS_SetOscerConfigration
                0x00014d9c       0x1c C:/ProgramData/MATLAB/SupportPackages/R2020a/toolbox/target/supportpackages/freedomk64f/src/ksdk_armgcc_lib/bm/libksdk_platform.a(fsl_clock_manager.o)
                0x00014d9c                CLOCK_SYS_SetOscerConfigration
 .text.CLOCK_SYS_OscInit
                0x00014db8       0x9c C:/ProgramData/MATLAB/SupportPackages/R2020a/toolbox/target/supportpackages/freedomk64f/src/ksdk_armgcc_lib/bm/libksdk_platform.a(fsl_clock_manager.o)
                0x00014db8                CLOCK_SYS_OscInit
 .text.CLOCK_SYS_RtcOscInit
                0x00014e54       0x68 C:/ProgramData/MATLAB/SupportPackages/R2020a/toolbox/target/supportpackages/freedomk64f/src/ksdk_armgcc_lib/bm/libksdk_platform.a(fsl_clock_manager.o)
                0x00014e54                CLOCK_SYS_RtcOscInit
 .text.SIM_HAL_GetGateCmd.constprop.8
                0x00014ebc       0x20 C:/ProgramData/MATLAB/SupportPackages/R2020a/toolbox/target/supportpackages/freedomk64f/src/ksdk_armgcc_lib/bm/libksdk_platform.a(fsl_clock_MK64F12.o)
 .text.SIM_HAL_DisableClock.constprop.9
                0x00014edc       0x1c C:/ProgramData/MATLAB/SupportPackages/R2020a/toolbox/target/supportpackages/freedomk64f/src/ksdk_armgcc_lib/bm/libksdk_platform.a(fsl_clock_MK64F12.o)
 .text.SIM_HAL_EnableClock.constprop.10
                0x00014ef8       0x1c C:/ProgramData/MATLAB/SupportPackages/R2020a/toolbox/target/supportpackages/freedomk64f/src/ksdk_armgcc_lib/bm/libksdk_platform.a(fsl_clock_MK64F12.o)
 .text.CLOCK_SYS_GetCoreClockFreq
                0x00014f14       0x24 C:/ProgramData/MATLAB/SupportPackages/R2020a/toolbox/target/supportpackages/freedomk64f/src/ksdk_armgcc_lib/bm/libksdk_platform.a(fsl_clock_MK64F12.o)
                0x00014f14                CLOCK_SYS_GetCoreClockFreq
 .text.CLOCK_SYS_SetConfiguration
                0x00014f38       0x94 C:/ProgramData/MATLAB/SupportPackages/R2020a/toolbox/target/supportpackages/freedomk64f/src/ksdk_armgcc_lib/bm/libksdk_platform.a(fsl_clock_MK64F12.o)
                0x00014f38                CLOCK_SYS_SetConfiguration
 .text.CLOCK_SYS_FllStableDelay
                0x00014fcc       0x1a C:/ProgramData/MATLAB/SupportPackages/R2020a/toolbox/target/supportpackages/freedomk64f/src/ksdk_armgcc_lib/bm/libksdk_platform.a(fsl_clock_MK64F12.o)
 *fill*         0x00014fe6        0x2 
 .text.CLOCK_SYS_GetBusClockFreq
                0x00014fe8       0x24 C:/ProgramData/MATLAB/SupportPackages/R2020a/toolbox/target/supportpackages/freedomk64f/src/ksdk_armgcc_lib/bm/libksdk_platform.a(fsl_clock_MK64F12.o)
                0x00014fe8                CLOCK_SYS_GetBusClockFreq
 .text.CLOCK_SYS_GetUartFreq
                0x0001500c       0x1a C:/ProgramData/MATLAB/SupportPackages/R2020a/toolbox/target/supportpackages/freedomk64f/src/ksdk_armgcc_lib/bm/libksdk_platform.a(fsl_clock_MK64F12.o)
                0x0001500c                CLOCK_SYS_GetUartFreq
 *fill*         0x00015026        0x2 
 .text.CLOCK_SYS_GetFtmExternalFreq
                0x00015028       0x20 C:/ProgramData/MATLAB/SupportPackages/R2020a/toolbox/target/supportpackages/freedomk64f/src/ksdk_armgcc_lib/bm/libksdk_platform.a(fsl_clock_MK64F12.o)
                0x00015028                CLOCK_SYS_GetFtmExternalFreq
 .text.CLOCK_SYS_EnablePortClock
                0x00015048       0x30 C:/ProgramData/MATLAB/SupportPackages/R2020a/toolbox/target/supportpackages/freedomk64f/src/ksdk_armgcc_lib/bm/libksdk_platform.a(fsl_clock_MK64F12.o)
                0x00015048                CLOCK_SYS_EnablePortClock
 .text.CLOCK_SYS_EnableFtmClock
                0x00015078       0x30 C:/ProgramData/MATLAB/SupportPackages/R2020a/toolbox/target/supportpackages/freedomk64f/src/ksdk_armgcc_lib/bm/libksdk_platform.a(fsl_clock_MK64F12.o)
                0x00015078                CLOCK_SYS_EnableFtmClock
 .text.CLOCK_SYS_EnableI2cClock
                0x000150a8       0x30 C:/ProgramData/MATLAB/SupportPackages/R2020a/toolbox/target/supportpackages/freedomk64f/src/ksdk_armgcc_lib/bm/libksdk_platform.a(fsl_clock_MK64F12.o)
                0x000150a8                CLOCK_SYS_EnableI2cClock
 .text.CLOCK_SYS_EnableUartClock
                0x000150d8       0x30 C:/ProgramData/MATLAB/SupportPackages/R2020a/toolbox/target/supportpackages/freedomk64f/src/ksdk_armgcc_lib/bm/libksdk_platform.a(fsl_clock_MK64F12.o)
                0x000150d8                CLOCK_SYS_EnableUartClock
 .text.CLOCK_SYS_DisableUartClock
                0x00015108       0x30 C:/ProgramData/MATLAB/SupportPackages/R2020a/toolbox/target/supportpackages/freedomk64f/src/ksdk_armgcc_lib/bm/libksdk_platform.a(fsl_clock_MK64F12.o)
                0x00015108                CLOCK_SYS_DisableUartClock
 .text.CLOCK_SYS_GetUartGateCmd
                0x00015138       0x30 C:/ProgramData/MATLAB/SupportPackages/R2020a/toolbox/target/supportpackages/freedomk64f/src/ksdk_armgcc_lib/bm/libksdk_platform.a(fsl_clock_MK64F12.o)
                0x00015138                CLOCK_SYS_GetUartGateCmd
 .text.INT_SYS_EnableIRQGlobal
                0x00015168       0x14 C:/ProgramData/MATLAB/SupportPackages/R2020a/toolbox/target/supportpackages/freedomk64f/src/ksdk_armgcc_lib/bm/libksdk_platform.a(fsl_interrupt_manager.o)
                0x00015168                INT_SYS_EnableIRQGlobal
 .text.INT_SYS_DisableIRQGlobal
                0x0001517c       0x10 C:/ProgramData/MATLAB/SupportPackages/R2020a/toolbox/target/supportpackages/freedomk64f/src/ksdk_armgcc_lib/bm/libksdk_platform.a(fsl_interrupt_manager.o)
                0x0001517c                INT_SYS_DisableIRQGlobal
 .text.INT_SYS_EnableIRQ
                0x0001518c       0x48 C:/ProgramData/MATLAB/SupportPackages/R2020a/toolbox/target/supportpackages/freedomk64f/src/ksdk_armgcc_lib/bm/libksdk_platform.a(fsl_edma_driver.o)
 .text.EDMA_DRV_ClaimChannel
                0x000151d4       0x6c C:/ProgramData/MATLAB/SupportPackages/R2020a/toolbox/target/supportpackages/freedomk64f/src/ksdk_armgcc_lib/bm/libksdk_platform.a(fsl_edma_driver.o)
 .text.EDMA_DRV_Init
                0x00015240       0x7c C:/ProgramData/MATLAB/SupportPackages/R2020a/toolbox/target/supportpackages/freedomk64f/src/ksdk_armgcc_lib/bm/libksdk_platform.a(fsl_edma_driver.o)
                0x00015240                EDMA_DRV_Init
 .text.EDMA_DRV_InstallCallback
                0x000152bc        0x8 C:/ProgramData/MATLAB/SupportPackages/R2020a/toolbox/target/supportpackages/freedomk64f/src/ksdk_armgcc_lib/bm/libksdk_platform.a(fsl_edma_driver.o)
                0x000152bc                EDMA_DRV_InstallCallback
 .text.EDMA_DRV_RequestChannel
                0x000152c4       0x70 C:/ProgramData/MATLAB/SupportPackages/R2020a/toolbox/target/supportpackages/freedomk64f/src/ksdk_armgcc_lib/bm/libksdk_platform.a(fsl_edma_driver.o)
                0x000152c4                EDMA_DRV_RequestChannel
 .text.EDMA_DRV_ReleaseChannel
                0x00015334       0x44 C:/ProgramData/MATLAB/SupportPackages/R2020a/toolbox/target/supportpackages/freedomk64f/src/ksdk_armgcc_lib/bm/libksdk_platform.a(fsl_edma_driver.o)
                0x00015334                EDMA_DRV_ReleaseChannel
 .text.EDMA_DRV_IRQHandler
                0x00015378       0x30 C:/ProgramData/MATLAB/SupportPackages/R2020a/toolbox/target/supportpackages/freedomk64f/src/ksdk_armgcc_lib/bm/libksdk_platform.a(fsl_edma_driver.o)
                0x00015378                EDMA_DRV_IRQHandler
 .text.EDMA_DRV_ErrorIRQHandler
                0x000153a8       0x88 C:/ProgramData/MATLAB/SupportPackages/R2020a/toolbox/target/supportpackages/freedomk64f/src/ksdk_armgcc_lib/bm/libksdk_platform.a(fsl_edma_driver.o)
                0x000153a8                EDMA_DRV_ErrorIRQHandler
 .text.FTM_HAL_SetClockSource
                0x00015430       0x12 C:/ProgramData/MATLAB/SupportPackages/R2020a/toolbox/target/supportpackages/freedomk64f/src/ksdk_armgcc_lib/bm/libksdk_platform.a(fsl_ftm_driver.o)
 *fill*         0x00015442        0x2 
 .text.unlikely.FTM_HAL_SetChnCountVal.part.2
                0x00015444       0x1c C:/ProgramData/MATLAB/SupportPackages/R2020a/toolbox/target/supportpackages/freedomk64f/src/ksdk_armgcc_lib/bm/libksdk_platform.a(fsl_ftm_driver.o)
 .text.FTM_DRV_Init
                0x00015460      0x108 C:/ProgramData/MATLAB/SupportPackages/R2020a/toolbox/target/supportpackages/freedomk64f/src/ksdk_armgcc_lib/bm/libksdk_platform.a(fsl_ftm_driver.o)
                0x00015460                FTM_DRV_Init
 .text.FTM_DRV_SetClock
                0x00015568       0x54 C:/ProgramData/MATLAB/SupportPackages/R2020a/toolbox/target/supportpackages/freedomk64f/src/ksdk_armgcc_lib/bm/libksdk_platform.a(fsl_ftm_driver.o)
                0x00015568                FTM_DRV_SetClock
 .text.FTM_DRV_GetClock
                0x000155bc       0x68 C:/ProgramData/MATLAB/SupportPackages/R2020a/toolbox/target/supportpackages/freedomk64f/src/ksdk_armgcc_lib/bm/libksdk_platform.a(fsl_ftm_driver.o)
                0x000155bc                FTM_DRV_GetClock
 .text.FTM_DRV_PwmStart
                0x00015624      0x1c8 C:/ProgramData/MATLAB/SupportPackages/R2020a/toolbox/target/supportpackages/freedomk64f/src/ksdk_armgcc_lib/bm/libksdk_platform.a(fsl_ftm_driver.o)
                0x00015624                FTM_DRV_PwmStart
 .text.unlikely.PORT_HAL_SetMuxMode.part.0
                0x000157ec       0x1c C:/ProgramData/MATLAB/SupportPackages/R2020a/toolbox/target/supportpackages/freedomk64f/src/ksdk_armgcc_lib/bm/libksdk_platform.a(fsl_gpio_driver.o)
 .text.GPIO_DRV_InputPinInit
                0x00015808       0xe0 C:/ProgramData/MATLAB/SupportPackages/R2020a/toolbox/target/supportpackages/freedomk64f/src/ksdk_armgcc_lib/bm/libksdk_platform.a(fsl_gpio_driver.o)
                0x00015808                GPIO_DRV_InputPinInit
 .text.GPIO_DRV_OutputPinInit